Component: ARM Compiler 6.14 Tool: armlink [5db06800]

==============================================================================

Memory Map of the image

  Image Entry point : 0x08000195

  Load Region LR_IROM1 (Base: 0x08000000, Size: 0x00027b58, Max: 0x00080000, ABSOLUTE, COMPRESSED[0x00027a14])

    Execution Region ER_IROM1 (Base: 0x08000000, Size: 0x0002794c, Max: 0x00080000, ABSOLUTE)

    Base Addr    Size         Type   Attr      Idx    E Section Name        Object

    0x08000000   0x00000194   Data   RO        26143    RESET               BUILD/NUCLEO_F401RE/ARMC6/mbed-os/targets/TARGET_STM/TARGET_STM32F4/TARGET_STM32F401xE/device/TOOLCHAIN_ARM_STD/startup_stm32f401xe.o
    0x08000194   0x00000008   Code   RO        30572  * !!!main             c:\Users\Akhil Sai\AppData\Local\Mbed Studio\mbed-studio-tools\ac6\bin\..\lib\armlib\c_w.l(__main.o)
    0x0800019c   0x00000034   Code   RO        31195    !!!scatter          c:\Users\Akhil Sai\AppData\Local\Mbed Studio\mbed-studio-tools\ac6\bin\..\lib\armlib\c_w.l(__scatter.o)
    0x080001d0   0x0000005a   Code   RO        31193    !!dczerorl2         c:\Users\Akhil Sai\AppData\Local\Mbed Studio\mbed-studio-tools\ac6\bin\..\lib\armlib\c_w.l(__dczerorl2.o)
    0x0800022a   0x00000002   PAD
    0x0800022c   0x0000001c   Code   RO        31197    !!handler_zi        c:\Users\Akhil Sai\AppData\Local\Mbed Studio\mbed-studio-tools\ac6\bin\..\lib\armlib\c_w.l(__scatter_zi.o)
    0x08000248   0x00000000   Code   RO        30434    .ARM.Collect$$_printf_percent$$00000000  c:\Users\Akhil Sai\AppData\Local\Mbed Studio\mbed-studio-tools\ac6\bin\..\lib\armlib\c_w.l(_printf_percent.o)
    0x08000248   0x00000006   Code   RO        30426    .ARM.Collect$$_printf_percent$$00000001  c:\Users\Akhil Sai\AppData\Local\Mbed Studio\mbed-studio-tools\ac6\bin\..\lib\armlib\c_w.l(_printf_n.o)
    0x0800024e   0x00000006   Code   RO        30428    .ARM.Collect$$_printf_percent$$00000002  c:\Users\Akhil Sai\AppData\Local\Mbed Studio\mbed-studio-tools\ac6\bin\..\lib\armlib\c_w.l(_printf_p.o)
    0x08000254   0x00000006   Code   RO        30433    .ARM.Collect$$_printf_percent$$00000003  c:\Users\Akhil Sai\AppData\Local\Mbed Studio\mbed-studio-tools\ac6\bin\..\lib\armlib\c_w.l(_printf_f.o)
    0x0800025a   0x00000006   Code   RO        30760    .ARM.Collect$$_printf_percent$$00000004  c:\Users\Akhil Sai\AppData\Local\Mbed Studio\mbed-studio-tools\ac6\bin\..\lib\armlib\c_w.l(_printf_e.o)
    0x08000260   0x00000006   Code   RO        30761    .ARM.Collect$$_printf_percent$$00000005  c:\Users\Akhil Sai\AppData\Local\Mbed Studio\mbed-studio-tools\ac6\bin\..\lib\armlib\c_w.l(_printf_g.o)
    0x08000266   0x00000006   Code   RO        30762    .ARM.Collect$$_printf_percent$$00000006  c:\Users\Akhil Sai\AppData\Local\Mbed Studio\mbed-studio-tools\ac6\bin\..\lib\armlib\c_w.l(_printf_a.o)
    0x0800026c   0x0000000a   Code   RO        30767    .ARM.Collect$$_printf_percent$$00000007  c:\Users\Akhil Sai\AppData\Local\Mbed Studio\mbed-studio-tools\ac6\bin\..\lib\armlib\c_w.l(_printf_ll.o)
    0x08000276   0x00000006   Code   RO        30430    .ARM.Collect$$_printf_percent$$00000008  c:\Users\Akhil Sai\AppData\Local\Mbed Studio\mbed-studio-tools\ac6\bin\..\lib\armlib\c_w.l(_printf_i.o)
    0x0800027c   0x00000006   Code   RO        30431    .ARM.Collect$$_printf_percent$$00000009  c:\Users\Akhil Sai\AppData\Local\Mbed Studio\mbed-studio-tools\ac6\bin\..\lib\armlib\c_w.l(_printf_d.o)
    0x08000282   0x00000006   Code   RO        30432    .ARM.Collect$$_printf_percent$$0000000A  c:\Users\Akhil Sai\AppData\Local\Mbed Studio\mbed-studio-tools\ac6\bin\..\lib\armlib\c_w.l(_printf_u.o)
    0x08000288   0x00000006   Code   RO        30429    .ARM.Collect$$_printf_percent$$0000000B  c:\Users\Akhil Sai\AppData\Local\Mbed Studio\mbed-studio-tools\ac6\bin\..\lib\armlib\c_w.l(_printf_o.o)
    0x0800028e   0x00000006   Code   RO        30427    .ARM.Collect$$_printf_percent$$0000000C  c:\Users\Akhil Sai\AppData\Local\Mbed Studio\mbed-studio-tools\ac6\bin\..\lib\armlib\c_w.l(_printf_x.o)
    0x08000294   0x00000006   Code   RO        30764    .ARM.Collect$$_printf_percent$$0000000D  c:\Users\Akhil Sai\AppData\Local\Mbed Studio\mbed-studio-tools\ac6\bin\..\lib\armlib\c_w.l(_printf_lli.o)
    0x0800029a   0x00000006   Code   RO        30765    .ARM.Collect$$_printf_percent$$0000000E  c:\Users\Akhil Sai\AppData\Local\Mbed Studio\mbed-studio-tools\ac6\bin\..\lib\armlib\c_w.l(_printf_lld.o)
    0x080002a0   0x00000006   Code   RO        30766    .ARM.Collect$$_printf_percent$$0000000F  c:\Users\Akhil Sai\AppData\Local\Mbed Studio\mbed-studio-tools\ac6\bin\..\lib\armlib\c_w.l(_printf_llu.o)
    0x080002a6   0x00000006   Code   RO        30770    .ARM.Collect$$_printf_percent$$00000010  c:\Users\Akhil Sai\AppData\Local\Mbed Studio\mbed-studio-tools\ac6\bin\..\lib\armlib\c_w.l(_printf_llo.o)
[...]
    0x08025436   0x00000002   PAD
    0x08025438   0x0000005c   Data   RO        25174    .rodata._ZTV12DirectSerial  BUILD/NUCLEO_F401RE/ARMC6/mbed-os/platform/mbed_retarget.o
    0x08025494   0x00000010   Data   RO         4141    .rodata._ZTV38CallChainOfFunctionPointersWithContextIN3ble9interface9LegacyGapINS0_7generic10GenericGapINS0_3pal6vendor6cordio3GapENS5_15SecurityManagerINS7_21CordioSecurityManagerINS3_22GenericSecurityManagerISA_NS0_6vendor6cordio19SigningEventMonitorEEEEESF_EESF_EEE15TimeoutSource_tEE  BUILD/NUCLEO_F401RE/ARMC6/mbed-os/features/FEATURE_BLE/targets/TARGET_CORDIO/source/CordioImplementations.o
    0x080254a4   0x00000010   Data   RO         2204    .rodata._ZTV38CallChainOfFunctionPointersWithContextIPK21GattHVXCallbackParamsE  BUILD/NUCLEO_F401RE/ARMC6/mbed-os/features/FEATURE_BLE/targets/TARGET_CORDIO/source/CordioBLE.o
    0x080254b4   0x00000010   Data   RO         2206    .rodata._ZTV38CallChainOfFunctionPointersWithContextIPK22GattReadCallbackParamsE  BUILD/NUCLEO_F401RE/ARMC6/mbed-os/features/FEATURE_BLE/targets/TARGET_CORDIO/source/CordioBLE.o
    0x080254c4   0x00000010   Data   RO         2205    .rodata._ZTV38CallChainOfFunctionPointersWithContextIPK23GattWriteCallbackParamsE  BUILD/NUCLEO_F401RE/ARMC6/mbed-os/features/FEATURE_BLE/targets/TARGET_CORDIO/source/CordioBLE.o
    0x080254d4   0x00000010   Data   RO         2203    .rodata._ZTV38CallChainOfFunctionPointersWithContextIPKN3ble9interface10GattClientINS0_7generic17GenericGattClientINS0_3pal6vendor6cordio16CordioGattClientENS3_22GenericSecurityManagerINS7_21CordioSecurityManagerENS0_6vendor6cordio19SigningEventMonitorEEEEEEEE  BUILD/NUCLEO_F401RE/ARMC6/mbed-os/features/FEATURE_BLE/targets/TARGET_CORDIO/source/CordioBLE.o
    0x080254e4   0x00000010   Data   RO         2384    .rodata._ZTV38CallChainOfFunctionPointersWithContextIPKN3ble9interface10GattServerINS0_6vendor6cordio10GattServerEEEE  BUILD/NUCLEO_F401RE/ARMC6/mbed-os/features/FEATURE_BLE/targets/TARGET_CORDIO/source/CordioGattServer.o
    0x080254f4   0x00000010   Data   RO         2212    .rodata._ZTV38CallChainOfFunctionPointersWithContextIPKN3ble9interface15SecurityManagerINS0_7generic22GenericSecurityManagerINS0_3pal6vendor6cordio21CordioSecurityManagerENS0_6vendor6cordio19SigningEventMonitorEEEEEE  BUILD/NUCLEO_F401RE/ARMC6/mbed-os/features/FEATURE_BLE/targets/TARGET_CORDIO/source/CordioBLE.o
    0x08025504   0x00000010   Data   RO         4140    .rodata._ZTV38CallChainOfFunctionPointersWithContextIPKN3ble9interface9LegacyGapINS0_7generic10GenericGapINS0_3pal6vendor6cordio3GapENS5_15SecurityManagerINS7_21CordioSecurityManagerINS3_22GenericSecurityManagerISA_NS0_6vendor6cordio19SigningEventMonitorEEEEESF_EESF_EEE26ConnectionCallbackParams_tEE  BUILD/NUCLEO_F401RE/ARMC6/mbed-os/features/FEATURE_BLE/targets/TARGET_CORDIO/source/CordioImplementations.o
    0x08025514   0x00000010   Data   RO         4139    .rodata._ZTV38CallChainOfFunctionPointersWithContextIPKN3ble9interface9LegacyGapINS0_7generic10GenericGapINS0_3pal6vendor6cordio3GapENS5_15SecurityManagerINS7_21CordioSecurityManagerINS3_22GenericSecurityManagerISA_NS0_6vendor6cordio19SigningEventMonitorEEEEESF_EESF_EEE29DisconnectionCallbackParams_tEE  BUILD/NUCLEO_F401RE/ARMC6/mbed-os/features/FEATURE_BLE/targets/TARGET_CORDIO/source/CordioImplementations.o
    0x08025524   0x00000010   Data   RO         4138    .rodata._ZTV38CallChainOfFunctionPointersWithContextIPKN3ble9interface9LegacyGapINS0_7generic10GenericGapINS0_3pal6vendor6cordio3GapENS5_15SecurityManagerINS7_21CordioSecurityManagerINS3_22GenericSecurityManagerISA_NS0_6vendor6cordio19SigningEventMonitorEEEEESF_EESF_EEEEE  BUILD/NUCLEO_F401RE/ARMC6/mbed-os/features/FEATURE_BLE/targets/TARGET_CORDIO/source/CordioImplementations.o
    0x08025534   0x00000010   Data   RO         2385    .rodata._ZTV38CallChainOfFunctionPointersWithContextIjE  BUILD/NUCLEO_F401RE/ARMC6/mbed-os/features/FEATURE_BLE/targets/TARGET_CORDIO/source/CordioGattServer.o
    0x08025544   0x00000040   Data   RO        29984    .rodata._ZTV7ConNode  BUILD/NUCLEO_F401RE/ARMC6/src/main.o
    0x08025584   0x00000018   Data   RO         4263    .rodata._ZTVN3ble3pal27SimpleAttReadByTypeResponseE  BUILD/NUCLEO_F401RE/ARMC6/mbed-os/features/FEATURE_BLE/targets/TARGET_CORDIO/source/CordioPalAttClient.o
    0x0802559c   0x00000018   Data   RO         4262    .rodata._ZTVN3ble3pal32SimpleAttFindByTypeValueResponseE  BUILD/NUCLEO_F401RE/ARMC6/mbed-os/features/FEATURE_BLE/targets/TARGET_CORDIO/source/CordioPalAttClient.o
    0x080255b4   0x00000018   Data   RO         4261    .rodata._ZTVN3ble3pal32SimpleAttFindInformationResponseE  BUILD/NUCLEO_F401RE/ARMC6/mbed-os/features/FEATURE_BLE/targets/TARGET_CORDIO/source/CordioPalAttClient.o
    0x080255cc   0x00000018   Data   RO         4264    .rodata._ZTVN3ble3pal32SimpleAttReadByGroupTypeResponseE  BUILD/NUCLEO_F401RE/ARMC6/mbed-os/features/FEATURE_BLE/targets/TARGET_CORDIO/source/CordioPalAttClient.o
    0x080255e4   0x0000002c   Data   RO         2202    .rodata._ZTVN3ble3pal6vendor6cordio20GenericAccessServiceE  BUILD/NUCLEO_F401RE/ARMC6/mbed-os/features/FEATURE_BLE/targets/TARGET_CORDIO/source/CordioBLE.o
    0x08025610   0x00000014   Data   RO         4124    .rodata._ZTVN3ble3pal6vendor6cordio21CordioSecurityManagerINS_7generic22GenericSecurityManagerIS3_NS_6vendor6cordio19SigningEventMonitorEEEE34PrivacyAddDevToResListControlBlockE  BUILD/NUCLEO_F401RE/ARMC6/mbed-os/features/FEATURE_BLE/targets/TARGET_CORDIO/source/CordioImplementations.o
    0x08025624   0x00000018   Data   RO         4130    .rodata._ZTVN3ble3pal6vendor6cordio3GapINS_7generic10GenericGapIS3_NS0_15SecurityManagerINS2_21CordioSecurityManagerINS4_22GenericSecurityManagerIS7_NS_6vendor6cordio19SigningEventMonitorEEEEESC_EESC_EEE36GapAdvertisingReportMessageConverter31CordioGapAdvertisingReportEventE  BUILD/NUCLEO_F401RE/ARMC6/mbed-os/features/FEATURE_BLE/targets/TARGET_CORDIO/source/CordioImplementations.o
    0x0802563c   0x0000002c   Data   RO         1956    .rodata._ZTVN3ble6vendor6cordio15CordioHCIDriverE  BUILD/NUCLEO_F401RE/ARMC6/mbed-os/features/FEATURE_BLE/targets/TARGET_CORDIO/driver/CordioHCIDriver.o
    0x08025668   0x0000000c   Data   RO         2201    .rodata._ZTVN3ble6vendor6cordio16SimpleEventQueueE  BUILD/NUCLEO_F401RE/ARMC6/mbed-os/features/FEATURE_BLE/targets/TARGET_CORDIO/source/CordioBLE.o
    0x08025674   0x00000044   Data   RO         2064    .rodata._ZTVN3ble6vendor6cordio3BLEE  BUILD/NUCLEO_F401RE/ARMC6/mbed-os/features/FEATURE_BLE/targets/TARGET_CORDIO/source/CordioBLE.o
    0x080256b8   0x0000001c   Data   RO        29835    .rodata._ZTVN3ble6vendor7bluenrg15TransportDriverE  BUILD/NUCLEO_F401RE/ARMC6/shields/TARGET_CORDIO_BLUENRG/BlueNrgHCIDriver.o
    0x080256d4   0x0000002c   Data   RO        29839    .rodata._ZTVN3ble6vendor7bluenrg9HCIDriverE  BUILD/NUCLEO_F401RE/ARMC6/shields/TARGET_CORDIO_BLUENRG/BlueNrgHCIDriver.o
    0x08025700   0x00000040   Data   RO         2213    .rodata._ZTVN3ble9interface15SecurityManagerINS_7generic22GenericSecurityManagerINS_3pal6vendor6cordio21CordioSecurityManagerENS_6vendor6cordio19SigningEventMonitorEEEE18LegacyEventHandlerE  BUILD/NUCLEO_F401RE/ARMC6/mbed-os/features/FEATURE_BLE/targets/TARGET_CORDIO/source/CordioBLE.o
    0x08025740   0x00000014   Data   RO         1301    .rodata._ZTVN4mbed10TimerEventE  BUILD/NUCLEO_F401RE/ARMC6/mbed-os/drivers/TimerEvent.o
    0x08025754   0x00000010   Data   RO          901    .rodata._ZTVN4mbed11InterruptInE  BUILD/NUCLEO_F401RE/ARMC6/mbed-os/drivers/InterruptIn.o
    0x08025764   0x00000014   Data   RO         4137    .rodata._ZTVN4mbed14LowPowerTickerE  BUILD/NUCLEO_F401RE/ARMC6/mbed-os/features/FEATURE_BLE/targets/TARGET_CORDIO/source/CordioImplementations.o
    0x08025778   0x00000014   Data   RO         2209    .rodata._ZTVN4mbed15LowPowerTimeoutE  BUILD/NUCLEO_F401RE/ARMC6/mbed-os/features/FEATURE_BLE/targets/TARGET_CORDIO/source/CordioBLE.o
    0x0802578c   0x00000020   Data   RO         1084    .rodata._ZTVN4mbed3SPIE  BUILD/NUCLEO_F401RE/ARMC6/mbed-os/drivers/SPI.o
    0x080257ac   0x00000014   Data   RO         1245    .rodata._ZTVN4mbed6TickerE  BUILD/NUCLEO_F401RE/ARMC6/mbed-os/drivers/Ticker.o
    0x080257c0   0x00000014   Data   RO         1252    .rodata._ZTVN4mbed7TimeoutE  BUILD/NUCLEO_F401RE/ARMC6/mbed-os/drivers/Timeout.o
    0x080257d4   0x00000010   Data   RO        26117    .rodata._ZTVN4rtos6ThreadE  BUILD/NUCLEO_F401RE/ARMC6/mbed-os/rtos/Thread.o
    0x080257e4   0x00000018   Data   RO         4129    .rodata._ZZN3ble3pal6vendor6cordio3GapINS_7generic10GenericGapIS3_NS0_15SecurityManagerINS2_21CordioSecurityManagerINS4_22GenericSecurityManagerIS7_NS_6vendor6cordio19SigningEventMonitorEEEEESC_EESC_EEE11gap_handlerEPK11wsfMsgHdr_tE8handlers  BUILD/NUCLEO_F401RE/ARMC6/mbed-os/features/FEATURE_BLE/targets/TARGET_CORDIO/source/CordioImplementations.o
    0x080257fc   0x00000014   Data   RO         1958    .rodata._ZZN3ble6vendor6cordio15CordioHCIDriver35get_default_buffer_pool_descriptionEvE9pool_desc  BUILD/NUCLEO_F401RE/ARMC6/mbed-os/features/FEATURE_BLE/targets/TARGET_CORDIO/driver/CordioHCIDriver.o
    0x08025810   0x0000000f   Data   RO         2069    .rodata._ZZN3ble6vendor6cordio3BLE10getVersionEvE7version  BUILD/NUCLEO_F401RE/ARMC6/mbed-os/features/FEATURE_BLE/targets/TARGET_CORDIO/source/CordioBLE.o
    0x0802581f   0x00000005   Data   RO        29837    .rodata._ZZN3ble6vendor7bluenrg15TransportDriver7spiReadEPhtE13header_master  BUILD/NUCLEO_F401RE/ARMC6/shields/TARGET_CORDIO_BLUENRG/BlueNrgHCIDriver.o
    0x08025824   0x00000005   Data   RO        29838    .rodata._ZZN3ble6vendor7bluenrg15TransportDriver8spiWriteEhPKhtE13header_master  BUILD/NUCLEO_F401RE/ARMC6/shields/TARGET_CORDIO_BLUENRG/BlueNrgHCIDriver.o
    0x08025829   0x00000003   PAD
    0x0802582c   0x0000000c   Data   RO        29995    .rodata._ZZN4mbed8CallbackIFvPhS1_thEE8generateINS3_14method_contextI7ConNodeMS6_FvS1_S1_thEEEEEvRKT_E3ops  BUILD/NUCLEO_F401RE/ARMC6/src/main.o
    0x08025838   0x0000000c   Data   RO        29988    .rodata._ZZN4mbed8CallbackIFvPhhEE8generateINS3_14method_contextI7ConNodeMS6_FvS1_hEEEEEvRKT_E3ops  BUILD/NUCLEO_F401RE/ARMC6/src/main.o
    0x08025844   0x0000000c   Data   RO         4147    .rodata._ZZN4mbed8CallbackIFvPvPKN3ble7generic19SecurityEntryKeys_tEEE8generateINS8_14method_contextINS3_22GenericSecurityManagerINS2_3pal6vendor6cordio21CordioSecurityManagerENS2_6vendor6cordio19SigningEventMonitorEEEMSJ_FvS1_S6_EEEEEvRKT_E3ops  BUILD/NUCLEO_F401RE/ARMC6/mbed-os/features/FEATURE_BLE/targets/TARGET_CORDIO/source/CordioImplementations.o
    0x08025850   0x0000000c   Data   RO         4145    .rodata._ZZN4mbed8CallbackIFvPvPKN3ble7generic22SecurityEntrySigning_tEEE8generateINS8_14method_contextINS3_22GenericSecurityManagerINS2_3pal6vendor6cordio21CordioSecurityManagerENS2_6vendor6cordio19SigningEventMonitorEEEMSJ_FvS1_S6_EEEEEvRKT_E3ops  BUILD/NUCLEO_F401RE/ARMC6/mbed-os/features/FEATURE_BLE/targets/TARGET_CORDIO/source/CordioImplementations.o
    0x0802585c   0x0000000c   Data   RO         4148    .rodata._ZZN4mbed8CallbackIFvPvPKN3ble7generic23SecurityEntryIdentity_tEEE8generateINS8_14method_contextINS3_22GenericSecurityManagerINS2_3pal6vendor6cordio21CordioSecurityManagerENS2_6vendor6cordio19SigningEventMonitorEEEMSJ_FvS1_S6_EEEEEvRKT_E3ops  BUILD/NUCLEO_F401RE/ARMC6/mbed-os/features/FEATURE_BLE/targets/TARGET_CORDIO/source/CordioImplementations.o
    0x08025868   0x0000000c   Data   RO         4149    .rodata._ZZN4mbed8CallbackIFvRKN3ble3pal8GapEventEEE8generateINS7_14method_contextINS1_7generic10GenericGapINS2_6vendor6cordio3GapENS2_15SecurityManagerINSD_21CordioSecurityManagerINSA_22GenericSecurityManagerISG_NS1_6vendor6cordio19SigningEventMonitorEEEEESL_EESL_EEMSO_FvS5_EEEEEvRKT_E3ops  BUILD/NUCLEO_F401RE/ARMC6/mbed-os/features/FEATURE_BLE/targets/TARGET_CORDIO/source/CordioImplementations.o
    0x08025874   0x0000000c   Data   RO        29985    .rodata._ZZN4mbed8CallbackIFvhEE8generateINS2_14method_contextI7ConNodeMS5_FvhEEEEEvRKT_E3ops  BUILD/NUCLEO_F401RE/ARMC6/src/main.o
    0x08025880   0x0000000c   Data   RO         2211    .rodata._ZZN4mbed8CallbackIFvjEE8generateINS2_14method_contextIN3ble3pal10GattClientINS6_28AttClientToGattClientAdapterINS6_6vendor6cordio15CordioAttClientENS5_7generic17GenericGattClientINSA_16CordioGattClientENSC_22GenericSecurityManagerINSA_21CordioSecurityManagerENS5_6vendor6cordio19SigningEventMonitorEEEEEEESL_EEMSN_FvjEEEEEvRKT_E3ops  BUILD/NUCLEO_F401RE/ARMC6/mbed-os/features/FEATURE_BLE/targets/TARGET_CORDIO/source/CordioBLE.o
    0x0802588c   0x0000000c   Data   RO         4143    .rodata._ZZN4mbed8CallbackIFvjEE8generateINS2_14method_contextIN3ble7generic17GenericGattClientINS5_3pal6vendor6cordio16CordioGattClientENS6_22GenericSecurityManagerINSA_21CordioSecurityManagerENS5_6vendor6cordio19SigningEventMonitorEEEEEMSI_FvjEEEEEvRKT_E3ops  BUILD/NUCLEO_F401RE/ARMC6/mbed-os/features/FEATURE_BLE/targets/TARGET_CORDIO/source/CordioImplementations.o
    0x08025898   0x0000000c   Data   RO         4142    .rodata._ZZN4mbed8CallbackIFvjRKN3ble3pal16AttServerMessageEEE8generateINS7_14method_contextINS1_7generic17GenericGattClientINS2_6vendor6cordio16CordioGattClientENSA_22GenericSecurityManagerINSD_21CordioSecurityManagerENS1_6vendor6cordio19SigningEventMonitorEEEEEMSL_FvjS5_EEEEEvRKT_E3ops  BUILD/NUCLEO_F401RE/ARMC6/mbed-os/features/FEATURE_BLE/targets/TARGET_CORDIO/source/CordioImplementations.o
    0x080258a4   0x0000000c   Data   RO         2210    .rodata._ZZN4mbed8CallbackIFvjRKN3ble3pal16AttServerMessageEEE8generateINS7_14method_contextINS2_10GattClientINS2_28AttClientToGattClientAdapterINS2_6vendor6cordio15CordioAttClientENS1_7generic17GenericGattClientINSD_16CordioGattClientENSF_22GenericSecurityManagerINSD_21CordioSecurityManagerENS1_6vendor6cordio19SigningEventMonitorEEEEEEESO_EEMSQ_FvjS5_EEEEEvRKT_E3ops  BUILD/NUCLEO_F401RE/ARMC6/mbed-os/features/FEATURE_BLE/targets/TARGET_CORDIO/source/CordioBLE.o
    0x080258b0   0x0000000c   Data   RO        24387    .rodata._ZZN4mbed8CallbackIFvvEE8generateINS2_14method_contextI21LowPowerTickerWrapperMS5_FvvEEEEEvRKT_E3ops  BUILD/NUCLEO_F401RE/ARMC6/mbed-os/hal/LowPowerTickerWrapper.o
    0x080258bc   0x0000000c   Data   RO        29996    .rodata._ZZN4mbed8CallbackIFvvEE8generateINS2_14method_contextI3BLEMS5_FvvEEEEEvRKT_E3ops  BUILD/NUCLEO_F401RE/ARMC6/src/main.o
    0x080258c8   0x0000000c   Data   RO        29997    .rodata._ZZN4mbed8CallbackIFvvEE8generateINS2_14method_contextI7ConNodeMS5_FvvEEEEEvRKT_E3ops  BUILD/NUCLEO_F401RE/ARMC6/src/main.o
    0x080258d4   0x0000000c   Data   RO        29836    .rodata._ZZN4mbed8CallbackIFvvEE8generateINS2_14method_contextIN3ble6vendor7bluenrg15TransportDriverEMS8_FvvEEEEEvRKT_E3ops  BUILD/NUCLEO_F401RE/ARMC6/shields/TARGET_CORDIO_BLUENRG/BlueNrgHCIDriver.o
    0x080258e0   0x0000000c   Data   RO         4150    .rodata._ZZN4mbed8CallbackIFvvEE8generateINS2_14method_contextIN3ble7generic10GenericGapINS5_3pal6vendor6cordio3GapENS8_15SecurityManagerINSA_21CordioSecurityManagerINS6_22GenericSecurityManagerISD_NS5_6vendor6cordio19SigningEventMonitorEEEEESI_EESI_EEMSL_FvvEEEEEvRKT_E3ops  BUILD/NUCLEO_F401RE/ARMC6/mbed-os/features/FEATURE_BLE/targets/TARGET_CORDIO/source/CordioImplementations.o
    0x080258ec   0x0000000c   Data   RO          109    .rodata._ZZN4mbed8CallbackIFvvEE8generateIPS1_EEvRKT_E3ops  BUILD/NUCLEO_F401RE/ARMC6/mbed-os/components/802.15.4_RF/atmel-rf-driver/source/NanostackRfPhyAtmel.o
    0x080258f8   0x00000008   Data   RO        25170    .rodata.__stderr_name  BUILD/NUCLEO_F401RE/ARMC6/mbed-os/platform/mbed_retarget.o
    0x08025900   0x00000007   Data   RO        25168    .rodata.__stdin_name  BUILD/NUCLEO_F401RE/ARMC6/mbed-os/platform/mbed_retarget.o
    0x08025907   0x00000008   Data   RO        25169    .rodata.__stdout_name  BUILD/NUCLEO_F401RE/ARMC6/mbed-os/platform/mbed_retarget.o
    0x0802590f   0x00000002   Data   RO         4836    .rodata.attApChUuid  BUILD/NUCLEO_F401RE/ARMC6/mbed-os/features/FEATURE_BLE/targets/TARGET_CORDIO/stack/ble-host/sources/stack/att/att_uuid.o
    0x08025911   0x00000002   Data   RO         4825    .rodata.attChUuid   BUILD/NUCLEO_F401RE/ARMC6/mbed-os/features/FEATURE_BLE/targets/TARGET_CORDIO/stack/ble-host/sources/stack/att/att_uuid.o
    0x08025913   0x00000002   Data   RO         4828    .rodata.attCliChCfgUuid  BUILD/NUCLEO_F401RE/ARMC6/mbed-os/features/FEATURE_BLE/targets/TARGET_CORDIO/stack/ble-host/sources/stack/att/att_uuid.o
    0x08025915   0x00000002   Data   RO         4835    .rodata.attDnChUuid  BUILD/NUCLEO_F401RE/ARMC6/mbed-os/features/FEATURE_BLE/targets/TARGET_CORDIO/stack/ble-host/sources/stack/att/att_uuid.o
    0x08025917   0x00000001   PAD
    0x08025918   0x00000010   Data   RO         4793    .rodata.attFcnDefault  BUILD/NUCLEO_F401RE/ARMC6/mbed-os/features/FEATURE_BLE/targets/TARGET_CORDIO/stack/ble-host/sources/stack/att/att_main.o
    0x08025928   0x00000002   Data   RO         4798    .rodata.attGapSvcUuid  BUILD/NUCLEO_F401RE/ARMC6/mbed-os/features/FEATURE_BLE/targets/TARGET_CORDIO/stack/ble-host/sources/stack/att/att_uuid.o
    0x0802592a   0x00000002   Data   RO         4941    .rodata.attGattDbhChUuid  BUILD/NUCLEO_F401RE/ARMC6/mbed-os/features/FEATURE_BLE/targets/TARGET_CORDIO/stack/ble-host/sources/stack/att/att_uuid.o
    0x0802592c   0x00000002   Data   RO         4799    .rodata.attGattSvcUuid  BUILD/NUCLEO_F401RE/ARMC6/mbed-os/features/FEATURE_BLE/targets/TARGET_CORDIO/stack/ble-host/sources/stack/att/att_uuid.o
    0x0802592e   0x00000002   Data   RO         4839    .rodata.attPpcpChUuid  BUILD/NUCLEO_F401RE/ARMC6/mbed-os/features/FEATURE_BLE/targets/TARGET_CORDIO/stack/ble-host/sources/stack/att/att_uuid.o
    0x08025930   0x00000002   Data   RO         4822    .rodata.attPrimSvcUuid  BUILD/NUCLEO_F401RE/ARMC6/mbed-os/features/FEATURE_BLE/targets/TARGET_CORDIO/stack/ble-host/sources/stack/att/att_uuid.o
    0x08025932   0x00000002   Data   RO         4840    .rodata.attScChUuid  BUILD/NUCLEO_F401RE/ARMC6/mbed-os/features/FEATURE_BLE/targets/TARGET_CORDIO/stack/ble-host/sources/stack/att/att_uuid.o
    0x08025934   0x00000010   Data   RO         5010    .rodata.attcFcnIf   BUILD/NUCLEO_F401RE/ARMC6/mbed-os/features/FEATURE_BLE/targets/TARGET_CORDIO/stack/ble-host/sources/stack/att/attc_main.o
    0x08025944   0x00000034   Data   RO         5008    .rodata.attcSendReqTbl  BUILD/NUCLEO_F401RE/ARMC6/mbed-os/features/FEATURE_BLE/targets/TARGET_CORDIO/stack/ble-host/sources/stack/att/attc_main.o
    0x08025978   0x00000008   Data   RO         5067    .rodata.attcSignFcnIf  BUILD/NUCLEO_F401RE/ARMC6/mbed-os/features/FEATURE_BLE/targets/TARGET_CORDIO/stack/ble-host/sources/stack/att/attc_sign.o
    0x08025980   0x00000010   Data   RO         5209    .rodata.attsFcnIf   BUILD/NUCLEO_F401RE/ARMC6/mbed-os/features/FEATURE_BLE/targets/TARGET_CORDIO/stack/ble-host/sources/stack/att/atts_main.o
    0x08025990   0x00000010   Data   RO         5165    .rodata.attsIndFcnIf  BUILD/NUCLEO_F401RE/ARMC6/mbed-os/features/FEATURE_BLE/targets/TARGET_CORDIO/stack/ble-host/sources/stack/att/atts_ind.o
    0x080259a0   0x00000010   Data   RO         6864    .rodata.calc128Zeros  BUILD/NUCLEO_F401RE/ARMC6/mbed-os/features/FEATURE_BLE/targets/TARGET_CORDIO/stack/wsf/sources/util/calc128.o
    0x080259b0   0x0000000c   Data   RO         5412    .rodata.dmAdvFcnIf  BUILD/NUCLEO_F401RE/ARMC6/mbed-os/features/FEATURE_BLE/targets/TARGET_CORDIO/stack/ble-host/sources/stack/dm/dm_adv_ae.o
    0x080259bc   0x0000000c   Data   RO         5450    .rodata.dmAdvFcnIf  BUILD/NUCLEO_F401RE/ARMC6/mbed-os/features/FEATURE_BLE/targets/TARGET_CORDIO/stack/ble-host/sources/stack/dm/dm_adv_leg.o
    0x080259c8   0x0000000c   Data   RO         5551    .rodata.dmConn2FcnIf  BUILD/NUCLEO_F401RE/ARMC6/mbed-os/features/FEATURE_BLE/targets/TARGET_CORDIO/stack/ble-host/sources/stack/dm/dm_conn.o
    0x080259d4   0x00000018   Data   RO         5552    .rodata.dmConnActSetMain  BUILD/NUCLEO_F401RE/ARMC6/mbed-os/features/FEATURE_BLE/targets/TARGET_CORDIO/stack/ble-host/sources/stack/dm/dm_conn.o
    0x080259ec   0x00000010   Data   RO         5619    .rodata.dmConnActSetMaster  BUILD/NUCLEO_F401RE/ARMC6/mbed-os/features/FEATURE_BLE/targets/TARGET_CORDIO/stack/ble-host/sources/stack/dm/dm_conn_master_ae.o
    0x080259fc   0x00000010   Data   RO         5626    .rodata.dmConnActSetMaster  BUILD/NUCLEO_F401RE/ARMC6/mbed-os/features/FEATURE_BLE/targets/TARGET_CORDIO/stack/ble-host/sources/stack/dm/dm_conn_master_leg.o
    0x08025a0c   0x00000018   Data   RO         5651    .rodata.dmConnActSetSlave  BUILD/NUCLEO_F401RE/ARMC6/mbed-os/features/FEATURE_BLE/targets/TARGET_CORDIO/stack/ble-host/sources/stack/dm/dm_conn_slave_ae.o
    0x08025a24   0x00000018   Data   RO         5664    .rodata.dmConnActSetSlave  BUILD/NUCLEO_F401RE/ARMC6/mbed-os/features/FEATURE_BLE/targets/TARGET_CORDIO/stack/ble-host/sources/stack/dm/dm_conn_slave_leg.o
    0x08025a3c   0x0000000c   Data   RO         5550    .rodata.dmConnFcnIf  BUILD/NUCLEO_F401RE/ARMC6/mbed-os/features/FEATURE_BLE/targets/TARGET_CORDIO/stack/ble-host/sources/stack/dm/dm_conn.o
    0x08025a48   0x0000000c   Data   RO         5549    .rodata.dmConnSpecDefaults  BUILD/NUCLEO_F401RE/ARMC6/mbed-os/features/FEATURE_BLE/targets/TARGET_CORDIO/stack/ble-host/sources/stack/dm/dm_conn.o
    0x08025a54   0x00000082   Data   RO         5669    .rodata.dmConnStateTbl  BUILD/NUCLEO_F401RE/ARMC6/mbed-os/features/FEATURE_BLE/targets/TARGET_CORDIO/stack/ble-host/sources/stack/dm/dm_conn_sm.o
    0x08025ad6   0x00000002   PAD
    0x08025ad8   0x0000000c   Data   RO         5701    .rodata.dmDevFcnIf  BUILD/NUCLEO_F401RE/ARMC6/mbed-os/features/FEATURE_BLE/targets/TARGET_CORDIO/stack/ble-host/sources/stack/dm/dm_dev.o
    0x08025ae4   0x0000000c   Data   RO         5775    .rodata.dmFcnDefault  BUILD/NUCLEO_F401RE/ARMC6/mbed-os/features/FEATURE_BLE/targets/TARGET_CORDIO/stack/ble-host/sources/stack/dm/dm_main.o
    0x08025af0   0x00000044   Data   RO         5779    .rodata.dmHciToIdTbl  BUILD/NUCLEO_F401RE/ARMC6/mbed-os/features/FEATURE_BLE/targets/TARGET_CORDIO/stack/ble-host/sources/stack/dm/dm_main.o
    0x08025b34   0x0000000c   Data   RO         5413    .rodata.dmPerAdvFcnIf  BUILD/NUCLEO_F401RE/ARMC6/mbed-os/features/FEATURE_BLE/targets/TARGET_CORDIO/stack/ble-host/sources/stack/dm/dm_adv_ae.o
    0x08025b40   0x0000000c   Data   RO         5821    .rodata.dmPhyFcnIf  BUILD/NUCLEO_F401RE/ARMC6/mbed-os/features/FEATURE_BLE/targets/TARGET_CORDIO/stack/ble-host/sources/stack/dm/dm_phy.o
    0x08025b4c   0x0000000c   Data   RO         5871    .rodata.dmPrivFcnIf  BUILD/NUCLEO_F401RE/ARMC6/mbed-os/features/FEATURE_BLE/targets/TARGET_CORDIO/stack/ble-host/sources/stack/dm/dm_priv.o
    0x08025b58   0x0000000c   Data   RO         5903    .rodata.dmScanFcnIf  BUILD/NUCLEO_F401RE/ARMC6/mbed-os/features/FEATURE_BLE/targets/TARGET_CORDIO/stack/ble-host/sources/stack/dm/dm_scan_ae.o
    0x08025b64   0x0000000c   Data   RO         5924    .rodata.dmScanFcnIf  BUILD/NUCLEO_F401RE/ARMC6/mbed-os/features/FEATURE_BLE/targets/TARGET_CORDIO/stack/ble-host/sources/stack/dm/dm_scan_leg.o
    0x08025b70   0x0000000c   Data   RO         5951    .rodata.dmSecFcnIf  BUILD/NUCLEO_F401RE/ARMC6/mbed-os/features/FEATURE_BLE/targets/TARGET_CORDIO/stack/ble-host/sources/stack/dm/dm_sec.o
    0x08025b7c   0x0000000c   Data   RO         5979    .rodata.dmSecLescFcnIf  BUILD/NUCLEO_F401RE/ARMC6/mbed-os/features/FEATURE_BLE/targets/TARGET_CORDIO/stack/ble-host/sources/stack/dm/dm_sec_lesc.o
    0x08025b88   0x00000024   Data   RO         6044    .rodata.dmSyncAct   BUILD/NUCLEO_F401RE/ARMC6/mbed-os/features/FEATURE_BLE/targets/TARGET_CORDIO/stack/ble-host/sources/stack/dm/dm_sync_ae.o
    0x08025bac   0x0000000c   Data   RO         6045    .rodata.dmSyncFcnIf  BUILD/NUCLEO_F401RE/ARMC6/mbed-os/features/FEATURE_BLE/targets/TARGET_CORDIO/stack/ble-host/sources/stack/dm/dm_sync_ae.o
    0x08025bb8   0x00000038   Data   RO         6043    .rodata.dmSyncStateTbl  BUILD/NUCLEO_F401RE/ARMC6/mbed-os/features/FEATURE_BLE/targets/TARGET_CORDIO/stack/ble-host/sources/stack/dm/dm_sync_ae.o
    0x08025bf0   0x00000008   Data   RO         4298    .rodata.hciEventMask  BUILD/NUCLEO_F401RE/ARMC6/mbed-os/features/FEATURE_BLE/targets/TARGET_CORDIO/stack/ble-host/sources/hci/common/hci_core.o
    0x08025bf8   0x00000008   Data   RO         4300    .rodata.hciEventMaskPage2  BUILD/NUCLEO_F401RE/ARMC6/mbed-os/features/FEATURE_BLE/targets/TARGET_CORDIO/stack/ble-host/sources/hci/common/hci_core.o
    0x08025c00   0x00000044   Data   RO         4686    .rodata.hciEvtCbackLen  BUILD/NUCLEO_F401RE/ARMC6/mbed-os/features/FEATURE_BLE/targets/TARGET_CORDIO/stack/ble-host/sources/hci/dual_chip/hci_evt.o
    0x08025c44   0x00000110   Data   RO         4687    .rodata.hciEvtParseFcnTbl  BUILD/NUCLEO_F401RE/ARMC6/mbed-os/features/FEATURE_BLE/targets/TARGET_CORDIO/stack/ble-host/sources/hci/dual_chip/hci_evt.o
    0x08025d54   0x00000008   Data   RO         4299    .rodata.hciLeEventMask  BUILD/NUCLEO_F401RE/ARMC6/mbed-os/features/FEATURE_BLE/targets/TARGET_CORDIO/stack/ble-host/sources/hci/common/hci_core.o
    0x08025d5c   0x00000040   Data   RO        28543    .rodata.ll_pin_defines  BUILD/NUCLEO_F401RE/ARMC6/mbed-os/targets/TARGET_STM/pinmap.o
    0x08025d9c   0x00000008   Data   RO        24422    .rodata.lp_data     BUILD/NUCLEO_F401RE/ARMC6/mbed-os/hal/mbed_lp_ticker_api.o
    0x08025da4   0x00000024   Data   RO        24424    .rodata.lp_interface  BUILD/NUCLEO_F401RE/ARMC6/mbed-os/hal/mbed_lp_ticker_api.o
    0x08025dc8   0x00000008   Data   RO        28530    .rodata.lp_ticker_get_info.info  BUILD/NUCLEO_F401RE/ARMC6/mbed-os/targets/TARGET_STM/lp_ticker.o
    0x08025dd0   0x00000004   Data   RO        24766    .rodata.mbed_fault_context  BUILD/NUCLEO_F401RE/ARMC6/mbed-os/platform/TARGET_CORTEX_M/mbed_fault_handler.o
    0x08025dd4   0x00000030   Data   RO        12395    .rodata.mbedtls_sha224_info  BUILD/NUCLEO_F401RE/ARMC6/mbed-os/features/mbedtls/mbed-crypto/src/md_wrap.o
    0x08025e04   0x00000030   Data   RO        12396    .rodata.mbedtls_sha256_info  BUILD/NUCLEO_F401RE/ARMC6/mbed-os/features/mbedtls/mbed-crypto/src/md_wrap.o
    0x08025e34   0x00000030   Data   RO        12397    .rodata.mbedtls_sha384_info  BUILD/NUCLEO_F401RE/ARMC6/mbed-os/features/mbedtls/mbed-crypto/src/md_wrap.o
    0x08025e64   0x00000030   Data   RO        12398    .rodata.mbedtls_sha512_info  BUILD/NUCLEO_F401RE/ARMC6/mbed-os/features/mbedtls/mbed-crypto/src/md_wrap.o
    0x08025e94   0x00000004   Data   RO        12614    .rodata.memset_func  BUILD/NUCLEO_F401RE/ARMC6/mbed-os/features/mbedtls/mbed-crypto/src/platform_util.o
    0x08025e98   0x00000064   Data   RO        12440    .rodata.oid_md_alg  BUILD/NUCLEO_F401RE/ARMC6/mbed-os/features/mbedtls/mbed-crypto/src/oid.o
    0x08025efc   0x00000004   Data   RO        25679    .rodata.osRtxUserSVC  BUILD/NUCLEO_F401RE/ARMC6/mbed-os/rtos/TARGET_CORTEX/rtx5/RTX/Source/rtx_lib.o
    0x08025f00   0x00000024   Data   RO        25674    .rodata.os_idle_thread_attr  BUILD/NUCLEO_F401RE/ARMC6/mbed-os/rtos/TARGET_CORTEX/rtx5/RTX/Source/rtx_lib.o
    0x08025f24   0x00000018   Data   RO        25676    .rodata.os_timer_mq_attr  BUILD/NUCLEO_F401RE/ARMC6/mbed-os/rtos/TARGET_CORTEX/rtx5/RTX/Source/rtx_lib.o
    0x08025f3c   0x00000024   Data   RO        25675    .rodata.os_timer_thread_attr  BUILD/NUCLEO_F401RE/ARMC6/mbed-os/rtos/TARGET_CORTEX/rtx5/RTX/Source/rtx_lib.o
    0x08025f60   0x000000c0   Data   RO        28317    .rodata.pin_lines_desc  BUILD/NUCLEO_F401RE/ARMC6/mbed-os/targets/TARGET_STM/TARGET_STM32F4/gpio_irq_device.o
    0x08026020   0x0000000f   Data   RO         6289    .rodata.smpPktLenTbl  BUILD/NUCLEO_F401RE/ARMC6/mbed-os/features/FEATURE_BLE/targets/TARGET_CORDIO/stack/ble-host/sources/stack/smp/smp_main.o
    0x0802602f   0x00000004   Data   RO         6341    .rodata.smpScF5Key  BUILD/NUCLEO_F401RE/ARMC6/mbed-os/features/FEATURE_BLE/targets/TARGET_CORDIO/stack/ble-host/sources/stack/smp/smp_sc_act.o
    0x08026033   0x00000001   PAD
    0x08026034   0x00000064   Data   RO         6502    .rodata.smpiActionTbl  BUILD/NUCLEO_F401RE/ARMC6/mbed-os/features/FEATURE_BLE/targets/TARGET_CORDIO/stack/ble-host/sources/stack/smp/smpi_sm.o
    0x08026098   0x000000cc   Data   RO         6454    .rodata.smpiScActionTbl  BUILD/NUCLEO_F401RE/ARMC6/mbed-os/features/FEATURE_BLE/targets/TARGET_CORDIO/stack/ble-host/sources/stack/smp/smpi_sc_sm.o
    0x08026164   0x0000000c   Data   RO         6456    .rodata.smpiScSmIf  BUILD/NUCLEO_F401RE/ARMC6/mbed-os/features/FEATURE_BLE/targets/TARGET_CORDIO/stack/ble-host/sources/stack/smp/smpi_sc_sm.o
    0x08026170   0x00000098   Data   RO         6453    .rodata.smpiScStateTbl  BUILD/NUCLEO_F401RE/ARMC6/mbed-os/features/FEATURE_BLE/targets/TARGET_CORDIO/stack/ble-host/sources/stack/smp/smpi_sc_sm.o
    0x08026208   0x00000018   Data   RO         6494    .rodata.smpiScStateTblAttempts  BUILD/NUCLEO_F401RE/ARMC6/mbed-os/features/FEATURE_BLE/targets/TARGET_CORDIO/stack/ble-host/sources/stack/smp/smpi_sc_sm.o
    0x08026220   0x0000000c   Data   RO         6463    .rodata.smpiScStateTblAuthSelect  BUILD/NUCLEO_F401RE/ARMC6/mbed-os/features/FEATURE_BLE/targets/TARGET_CORDIO/stack/ble-host/sources/stack/smp/smpi_sc_sm.o
    0x0802622c   0x00000006   Data   RO         6477    .rodata.smpiScStateTblCalcDHKey  BUILD/NUCLEO_F401RE/ARMC6/mbed-os/features/FEATURE_BLE/targets/TARGET_CORDIO/stack/ble-host/sources/stack/smp/smpi_sc_sm.o
    0x08026232   0x00000006   Data   RO         6480    .rodata.smpiScStateTblCalcF5LTK  BUILD/NUCLEO_F401RE/ARMC6/mbed-os/features/FEATURE_BLE/targets/TARGET_CORDIO/stack/ble-host/sources/stack/smp/smpi_sc_sm.o
    0x08026238   0x00000006   Data   RO         6479    .rodata.smpiScStateTblCalcF5MacKey  BUILD/NUCLEO_F401RE/ARMC6/mbed-os/features/FEATURE_BLE/targets/TARGET_CORDIO/stack/ble-host/sources/stack/smp/smpi_sc_sm.o
    0x0802623e   0x00000009   Data   RO         6478    .rodata.smpiScStateTblCalcF5TKey  BUILD/NUCLEO_F401RE/ARMC6/mbed-os/features/FEATURE_BLE/targets/TARGET_CORDIO/stack/ble-host/sources/stack/smp/smpi_sc_sm.o
    0x08026247   0x00000006   Data   RO         6485    .rodata.smpiScStateTblCnfCalc1  BUILD/NUCLEO_F401RE/ARMC6/mbed-os/features/FEATURE_BLE/targets/TARGET_CORDIO/stack/ble-host/sources/stack/smp/smpi_sc_sm.o
    0x0802624d   0x00000006   Data   RO         6486    .rodata.smpiScStateTblCnfCalc2  BUILD/NUCLEO_F401RE/ARMC6/mbed-os/features/FEATURE_BLE/targets/TARGET_CORDIO/stack/ble-host/sources/stack/smp/smpi_sc_sm.o
    0x08026253   0x00000006   Data   RO         6489    .rodata.smpiScStateTblCnfVerCalc1  BUILD/NUCLEO_F401RE/ARMC6/mbed-os/features/FEATURE_BLE/targets/TARGET_CORDIO/stack/ble-host/sources/stack/smp/smpi_sc_sm.o
    0x08026259   0x00000006   Data   RO         6490    .rodata.smpiScStateTblCnfVerCalc2  BUILD/NUCLEO_F401RE/ARMC6/mbed-os/features/FEATURE_BLE/targets/TARGET_CORDIO/stack/ble-host/sources/stack/smp/smpi_sc_sm.o
    0x0802625f   0x0000000f   Data   RO         6455    .rodata.smpiScStateTblCommon  BUILD/NUCLEO_F401RE/ARMC6/mbed-os/features/FEATURE_BLE/targets/TARGET_CORDIO/stack/ble-host/sources/stack/smp/smpi_sc_sm.o
    0x0802626e   0x00000006   Data   RO         6481    .rodata.smpiScStateTblDhCalcF6Ea  BUILD/NUCLEO_F401RE/ARMC6/mbed-os/features/FEATURE_BLE/targets/TARGET_CORDIO/stack/ble-host/sources/stack/smp/smpi_sc_sm.o
    0x08026274   0x00000006   Data   RO         6482    .rodata.smpiScStateTblDhCalcF6Eb  BUILD/NUCLEO_F401RE/ARMC6/mbed-os/features/FEATURE_BLE/targets/TARGET_CORDIO/stack/ble-host/sources/stack/smp/smpi_sc_sm.o
    0x0802627a   0x00000012   Data   RO         6492    .rodata.smpiScStateTblEncrypt  BUILD/NUCLEO_F401RE/ARMC6/mbed-os/features/FEATURE_BLE/targets/TARGET_CORDIO/stack/ble-host/sources/stack/smp/smpi_sc_sm.o
    0x0802628c   0x00000015   Data   RO         6458    .rodata.smpiScStateTblIdle  BUILD/NUCLEO_F401RE/ARMC6/mbed-os/features/FEATURE_BLE/targets/TARGET_CORDIO/stack/ble-host/sources/stack/smp/smpi_sc_sm.o
    0x080262a1   0x00000006   Data   RO         6466    .rodata.smpiScStateTblJwNcCheck1  BUILD/NUCLEO_F401RE/ARMC6/mbed-os/features/FEATURE_BLE/targets/TARGET_CORDIO/stack/ble-host/sources/stack/smp/smpi_sc_sm.o
    0x080262a7   0x00000009   Data   RO         6467    .rodata.smpiScStateTblJwNcCheck2  BUILD/NUCLEO_F401RE/ARMC6/mbed-os/features/FEATURE_BLE/targets/TARGET_CORDIO/stack/ble-host/sources/stack/smp/smpi_sc_sm.o
    0x080262b0   0x00000006   Data   RO         6465    .rodata.smpiScStateTblJwNcRand  BUILD/NUCLEO_F401RE/ARMC6/mbed-os/features/FEATURE_BLE/targets/TARGET_CORDIO/stack/ble-host/sources/stack/smp/smpi_sc_sm.o
    0x080262b6   0x00000006   Data   RO         6464    .rodata.smpiScStateTblJwNcWaitCnf  BUILD/NUCLEO_F401RE/ARMC6/mbed-os/features/FEATURE_BLE/targets/TARGET_CORDIO/stack/ble-host/sources/stack/smp/smpi_sc_sm.o
    0x080262bc   0x00000009   Data   RO         6468    .rodata.smpiScStateTblJwNcWaitUser  BUILD/NUCLEO_F401RE/ARMC6/mbed-os/features/FEATURE_BLE/targets/TARGET_CORDIO/stack/ble-host/sources/stack/smp/smpi_sc_sm.o
    0x080262c5   0x0000000f   Data   RO         6493    .rodata.smpiScStateTblKeyDist  BUILD/NUCLEO_F401RE/ARMC6/mbed-os/features/FEATURE_BLE/targets/TARGET_CORDIO/stack/ble-host/sources/stack/smp/smpi_sc_sm.o
    0x080262d4   0x00000006   Data   RO         6484    .rodata.smpiScStateTblLegacyPin  BUILD/NUCLEO_F401RE/ARMC6/mbed-os/features/FEATURE_BLE/targets/TARGET_CORDIO/stack/ble-host/sources/stack/smp/smpi_sc_sm.o
    0x080262da   0x00000006   Data   RO         6461    .rodata.smpiScStateTblLescPin  BUILD/NUCLEO_F401RE/ARMC6/mbed-os/features/FEATURE_BLE/targets/TARGET_CORDIO/stack/ble-host/sources/stack/smp/smpi_sc_sm.o
    0x080262e0   0x00000009   Data   RO         6460    .rodata.smpiScStateTblModeSelect  BUILD/NUCLEO_F401RE/ARMC6/mbed-os/features/FEATURE_BLE/targets/TARGET_CORDIO/stack/ble-host/sources/stack/smp/smpi_sc_sm.o
    0x080262e9   0x00000006   Data   RO         6475    .rodata.smpiScStateTblOobSendRand  BUILD/NUCLEO_F401RE/ARMC6/mbed-os/features/FEATURE_BLE/targets/TARGET_CORDIO/stack/ble-host/sources/stack/smp/smpi_sc_sm.o
    0x080262ef   0x00000009   Data   RO         6476    .rodata.smpiScStateTblOobWaitRand  BUILD/NUCLEO_F401RE/ARMC6/mbed-os/features/FEATURE_BLE/targets/TARGET_CORDIO/stack/ble-host/sources/stack/smp/smpi_sc_sm.o
    0x080262f8   0x00000006   Data   RO         6487    .rodata.smpiScStateTblPairCnf  BUILD/NUCLEO_F401RE/ARMC6/mbed-os/features/FEATURE_BLE/targets/TARGET_CORDIO/stack/ble-host/sources/stack/smp/smpi_sc_sm.o
    0x080262fe   0x00000006   Data   RO         6488    .rodata.smpiScStateTblPairRand  BUILD/NUCLEO_F401RE/ARMC6/mbed-os/features/FEATURE_BLE/targets/TARGET_CORDIO/stack/ble-host/sources/stack/smp/smpi_sc_sm.o
    0x08026304   0x00000006   Data   RO         6459    .rodata.smpiScStateTblPairRsp  BUILD/NUCLEO_F401RE/ARMC6/mbed-os/features/FEATURE_BLE/targets/TARGET_CORDIO/stack/ble-host/sources/stack/smp/smpi_sc_sm.o
    0x0802630a   0x00000006   Data   RO         6470    .rodata.smpiScStateTblPasskeyCalc  BUILD/NUCLEO_F401RE/ARMC6/mbed-os/features/FEATURE_BLE/targets/TARGET_CORDIO/stack/ble-host/sources/stack/smp/smpi_sc_sm.o
    0x08026310   0x00000006   Data   RO         6473    .rodata.smpiScStateTblPasskeyCheck  BUILD/NUCLEO_F401RE/ARMC6/mbed-os/features/FEATURE_BLE/targets/TARGET_CORDIO/stack/ble-host/sources/stack/smp/smpi_sc_sm.o
    0x08026316   0x00000006   Data   RO         6471    .rodata.smpiScStateTblPasskeyCnf  BUILD/NUCLEO_F401RE/ARMC6/mbed-os/features/FEATURE_BLE/targets/TARGET_CORDIO/stack/ble-host/sources/stack/smp/smpi_sc_sm.o
    0x0802631c   0x00000006   Data   RO         6472    .rodata.smpiScStateTblPasskeyRand  BUILD/NUCLEO_F401RE/ARMC6/mbed-os/features/FEATURE_BLE/targets/TARGET_CORDIO/stack/ble-host/sources/stack/smp/smpi_sc_sm.o
    0x08026322   0x0000000c   Data   RO         6474    .rodata.smpiScStateTblPasskeyRepeat  BUILD/NUCLEO_F401RE/ARMC6/mbed-os/features/FEATURE_BLE/targets/TARGET_CORDIO/stack/ble-host/sources/stack/smp/smpi_sc_sm.o
    0x0802632e   0x00000006   Data   RO         6462    .rodata.smpiScStateTblPubKey  BUILD/NUCLEO_F401RE/ARMC6/mbed-os/features/FEATURE_BLE/targets/TARGET_CORDIO/stack/ble-host/sources/stack/smp/smpi_sc_sm.o
    0x08026334   0x00000012   Data   RO         6495    .rodata.smpiScStateTblRspTo  BUILD/NUCLEO_F401RE/ARMC6/mbed-os/features/FEATURE_BLE/targets/TARGET_CORDIO/stack/ble-host/sources/stack/smp/smpi_sc_sm.o
    0x08026346   0x00000009   Data   RO         6491    .rodata.smpiScStateTblStkCalc  BUILD/NUCLEO_F401RE/ARMC6/mbed-os/features/FEATURE_BLE/targets/TARGET_CORDIO/stack/ble-host/sources/stack/smp/smpi_sc_sm.o
    0x0802634f   0x00000006   Data   RO         6483    .rodata.smpiScStateTblVerifyDHCheck  BUILD/NUCLEO_F401RE/ARMC6/mbed-os/features/FEATURE_BLE/targets/TARGET_CORDIO/stack/ble-host/sources/stack/smp/smpi_sc_sm.o
    0x08026355   0x00000003   PAD
    0x08026358   0x0000000c   Data   RO         6504    .rodata.smpiSmIf    BUILD/NUCLEO_F401RE/ARMC6/mbed-os/features/FEATURE_BLE/targets/TARGET_CORDIO/stack/ble-host/sources/stack/smp/smpi_sm.o
    0x08026364   0x00000038   Data   RO         6501    .rodata.smpiStateTbl  BUILD/NUCLEO_F401RE/ARMC6/mbed-os/features/FEATURE_BLE/targets/TARGET_CORDIO/stack/ble-host/sources/stack/smp/smpi_sm.o
    0x0802639c   0x00000018   Data   RO         6517    .rodata.smpiStateTblAttempts  BUILD/NUCLEO_F401RE/ARMC6/mbed-os/features/FEATURE_BLE/targets/TARGET_CORDIO/stack/ble-host/sources/stack/smp/smpi_sm.o
    0x080263b4   0x00000006   Data   RO         6508    .rodata.smpiStateTblCnfCalc1  BUILD/NUCLEO_F401RE/ARMC6/mbed-os/features/FEATURE_BLE/targets/TARGET_CORDIO/stack/ble-host/sources/stack/smp/smpi_sm.o
    0x080263ba   0x00000006   Data   RO         6509    .rodata.smpiStateTblCnfCalc2  BUILD/NUCLEO_F401RE/ARMC6/mbed-os/features/FEATURE_BLE/targets/TARGET_CORDIO/stack/ble-host/sources/stack/smp/smpi_sm.o
    0x080263c0   0x00000006   Data   RO         6512    .rodata.smpiStateTblCnfVerCalc1  BUILD/NUCLEO_F401RE/ARMC6/mbed-os/features/FEATURE_BLE/targets/TARGET_CORDIO/stack/ble-host/sources/stack/smp/smpi_sm.o
    0x080263c6   0x00000006   Data   RO         6513    .rodata.smpiStateTblCnfVerCalc2  BUILD/NUCLEO_F401RE/ARMC6/mbed-os/features/FEATURE_BLE/targets/TARGET_CORDIO/stack/ble-host/sources/stack/smp/smpi_sm.o
    0x080263cc   0x0000000f   Data   RO         6503    .rodata.smpiStateTblCommon  BUILD/NUCLEO_F401RE/ARMC6/mbed-os/features/FEATURE_BLE/targets/TARGET_CORDIO/stack/ble-host/sources/stack/smp/smpi_sm.o
    0x080263db   0x0000000c   Data   RO         6515    .rodata.smpiStateTblEncrypt  BUILD/NUCLEO_F401RE/ARMC6/mbed-os/features/FEATURE_BLE/targets/TARGET_CORDIO/stack/ble-host/sources/stack/smp/smpi_sm.o
    0x080263e7   0x00000015   Data   RO         6505    .rodata.smpiStateTblIdle  BUILD/NUCLEO_F401RE/ARMC6/mbed-os/features/FEATURE_BLE/targets/TARGET_CORDIO/stack/ble-host/sources/stack/smp/smpi_sm.o
    0x080263fc   0x0000000f   Data   RO         6516    .rodata.smpiStateTblKeyDist  BUILD/NUCLEO_F401RE/ARMC6/mbed-os/features/FEATURE_BLE/targets/TARGET_CORDIO/stack/ble-host/sources/stack/smp/smpi_sm.o
    0x0802640b   0x00000006   Data   RO         6510    .rodata.smpiStateTblPairCnf  BUILD/NUCLEO_F401RE/ARMC6/mbed-os/features/FEATURE_BLE/targets/TARGET_CORDIO/stack/ble-host/sources/stack/smp/smpi_sm.o
    0x08026411   0x00000006   Data   RO         6511    .rodata.smpiStateTblPairRand  BUILD/NUCLEO_F401RE/ARMC6/mbed-os/features/FEATURE_BLE/targets/TARGET_CORDIO/stack/ble-host/sources/stack/smp/smpi_sm.o
    0x08026417   0x00000006   Data   RO         6506    .rodata.smpiStateTblPairRsp  BUILD/NUCLEO_F401RE/ARMC6/mbed-os/features/FEATURE_BLE/targets/TARGET_CORDIO/stack/ble-host/sources/stack/smp/smpi_sm.o
    0x0802641d   0x00000006   Data   RO         6507    .rodata.smpiStateTblPin  BUILD/NUCLEO_F401RE/ARMC6/mbed-os/features/FEATURE_BLE/targets/TARGET_CORDIO/stack/ble-host/sources/stack/smp/smpi_sm.o
    0x08026423   0x00000012   Data   RO         6518    .rodata.smpiStateTblRspTo  BUILD/NUCLEO_F401RE/ARMC6/mbed-os/features/FEATURE_BLE/targets/TARGET_CORDIO/stack/ble-host/sources/stack/smp/smpi_sm.o
    0x08026435   0x00000009   Data   RO         6514    .rodata.smpiStateTblStkCalc  BUILD/NUCLEO_F401RE/ARMC6/mbed-os/features/FEATURE_BLE/targets/TARGET_CORDIO/stack/ble-host/sources/stack/smp/smpi_sm.o
    0x0802643e   0x00000002   PAD
    0x08026440   0x00000068   Data   RO         6655    .rodata.smprActionTbl  BUILD/NUCLEO_F401RE/ARMC6/mbed-os/features/FEATURE_BLE/targets/TARGET_CORDIO/stack/ble-host/sources/stack/smp/smpr_sm.o
    0x080264a8   0x000000d8   Data   RO         6590    .rodata.smprScActionTbl  BUILD/NUCLEO_F401RE/ARMC6/mbed-os/features/FEATURE_BLE/targets/TARGET_CORDIO/stack/ble-host/sources/stack/smp/smpr_sc_sm.o
    0x08026580   0x0000000c   Data   RO         6592    .rodata.smprScSmIf  BUILD/NUCLEO_F401RE/ARMC6/mbed-os/features/FEATURE_BLE/targets/TARGET_CORDIO/stack/ble-host/sources/stack/smp/smpr_sc_sm.o
    0x0802658c   0x000000a0   Data   RO         6589    .rodata.smprScStateTbl  BUILD/NUCLEO_F401RE/ARMC6/mbed-os/features/FEATURE_BLE/targets/TARGET_CORDIO/stack/ble-host/sources/stack/smp/smpr_sc_sm.o
    0x0802662c   0x00000015   Data   RO         6595    .rodata.smprScStateTblApiPairReq  BUILD/NUCLEO_F401RE/ARMC6/mbed-os/features/FEATURE_BLE/targets/TARGET_CORDIO/stack/ble-host/sources/stack/smp/smpr_sc_sm.o
    0x08026641   0x00000006   Data   RO         6596    .rodata.smprScStateTblApiPairRsp  BUILD/NUCLEO_F401RE/ARMC6/mbed-os/features/FEATURE_BLE/targets/TARGET_CORDIO/stack/ble-host/sources/stack/smp/smpr_sc_sm.o
    0x08026647   0x00000018   Data   RO         6632    .rodata.smprScStateTblAttempts  BUILD/NUCLEO_F401RE/ARMC6/mbed-os/features/FEATURE_BLE/targets/TARGET_CORDIO/stack/ble-host/sources/stack/smp/smpr_sc_sm.o
    0x0802665f   0x0000000c   Data   RO         6600    .rodata.smprScStateTblAuthSelect  BUILD/NUCLEO_F401RE/ARMC6/mbed-os/features/FEATURE_BLE/targets/TARGET_CORDIO/stack/ble-host/sources/stack/smp/smpr_sc_sm.o
    0x0802666b   0x00000006   Data   RO         6616    .rodata.smprScStateTblCalcDHKey  BUILD/NUCLEO_F401RE/ARMC6/mbed-os/features/FEATURE_BLE/targets/TARGET_CORDIO/stack/ble-host/sources/stack/smp/smpr_sc_sm.o
    0x08026671   0x00000006   Data   RO         6619    .rodata.smprScStateTblCalcF5LTK  BUILD/NUCLEO_F401RE/ARMC6/mbed-os/features/FEATURE_BLE/targets/TARGET_CORDIO/stack/ble-host/sources/stack/smp/smpr_sc_sm.o
    0x08026677   0x00000006   Data   RO         6618    .rodata.smprScStateTblCalcF5MacKey  BUILD/NUCLEO_F401RE/ARMC6/mbed-os/features/FEATURE_BLE/targets/TARGET_CORDIO/stack/ble-host/sources/stack/smp/smpr_sc_sm.o
    0x0802667d   0x00000009   Data   RO         6617    .rodata.smprScStateTblCalcF5TKey  BUILD/NUCLEO_F401RE/ARMC6/mbed-os/features/FEATURE_BLE/targets/TARGET_CORDIO/stack/ble-host/sources/stack/smp/smpr_sc_sm.o
    0x08026686   0x0000000f   Data   RO         6591    .rodata.smprScStateTblCommon  BUILD/NUCLEO_F401RE/ARMC6/mbed-os/features/FEATURE_BLE/targets/TARGET_CORDIO/stack/ble-host/sources/stack/smp/smpr_sc_sm.o
    0x08026695   0x00000006   Data   RO         6620    .rodata.smprScStateTblDhCalcF6Ea  BUILD/NUCLEO_F401RE/ARMC6/mbed-os/features/FEATURE_BLE/targets/TARGET_CORDIO/stack/ble-host/sources/stack/smp/smpr_sc_sm.o
    0x0802669b   0x00000006   Data   RO         6621    .rodata.smprScStateTblDhCalcF6Eb  BUILD/NUCLEO_F401RE/ARMC6/mbed-os/features/FEATURE_BLE/targets/TARGET_CORDIO/stack/ble-host/sources/stack/smp/smpr_sc_sm.o
    0x080266a1   0x00000012   Data   RO         6630    .rodata.smprScStateTblEncrypt  BUILD/NUCLEO_F401RE/ARMC6/mbed-os/features/FEATURE_BLE/targets/TARGET_CORDIO/stack/ble-host/sources/stack/smp/smpr_sc_sm.o
    0x080266b3   0x00000015   Data   RO         6594    .rodata.smprScStateTblIdle  BUILD/NUCLEO_F401RE/ARMC6/mbed-os/features/FEATURE_BLE/targets/TARGET_CORDIO/stack/ble-host/sources/stack/smp/smpr_sc_sm.o
    0x080266c8   0x00000006   Data   RO         6603    .rodata.smprScStateTblJwNcCalcG2  BUILD/NUCLEO_F401RE/ARMC6/mbed-os/features/FEATURE_BLE/targets/TARGET_CORDIO/stack/ble-host/sources/stack/smp/smpr_sc_sm.o
    0x080266ce   0x00000006   Data   RO         6601    .rodata.smprScStateTblJwNcSetup  BUILD/NUCLEO_F401RE/ARMC6/mbed-os/features/FEATURE_BLE/targets/TARGET_CORDIO/stack/ble-host/sources/stack/smp/smpr_sc_sm.o
    0x080266d4   0x00000006   Data   RO         6602    .rodata.smprScStateTblJwNcWaitRand  BUILD/NUCLEO_F401RE/ARMC6/mbed-os/features/FEATURE_BLE/targets/TARGET_CORDIO/stack/ble-host/sources/stack/smp/smpr_sc_sm.o
    0x080266da   0x0000000c   Data   RO         6604    .rodata.smprScStateTblJwNcWaitUser  BUILD/NUCLEO_F401RE/ARMC6/mbed-os/features/FEATURE_BLE/targets/TARGET_CORDIO/stack/ble-host/sources/stack/smp/smpr_sc_sm.o
    0x080266e6   0x00000009   Data   RO         6605    .rodata.smprScStateTblJwNcWaitUserDhCheckRcvd  BUILD/NUCLEO_F401RE/ARMC6/mbed-os/features/FEATURE_BLE/targets/TARGET_CORDIO/stack/ble-host/sources/stack/smp/smpr_sc_sm.o
    0x080266ef   0x0000000f   Data   RO         6631    .rodata.smprScStateTblKeyDist  BUILD/NUCLEO_F401RE/ARMC6/mbed-os/features/FEATURE_BLE/targets/TARGET_CORDIO/stack/ble-host/sources/stack/smp/smpr_sc_sm.o
    0x080266fe   0x00000006   Data   RO         6599    .rodata.smprScStateTblLescPin  BUILD/NUCLEO_F401RE/ARMC6/mbed-os/features/FEATURE_BLE/targets/TARGET_CORDIO/stack/ble-host/sources/stack/smp/smpr_sc_sm.o
    0x08026704   0x00000009   Data   RO         6597    .rodata.smprScStateTblModeSelect  BUILD/NUCLEO_F401RE/ARMC6/mbed-os/features/FEATURE_BLE/targets/TARGET_CORDIO/stack/ble-host/sources/stack/smp/smpr_sc_sm.o
    0x0802670d   0x00000006   Data   RO         6613    .rodata.smprScStateTblOobSendRand  BUILD/NUCLEO_F401RE/ARMC6/mbed-os/features/FEATURE_BLE/targets/TARGET_CORDIO/stack/ble-host/sources/stack/smp/smpr_sc_sm.o
    0x08026713   0x00000006   Data   RO         6614    .rodata.smprScStateTblOobWaitRand  BUILD/NUCLEO_F401RE/ARMC6/mbed-os/features/FEATURE_BLE/targets/TARGET_CORDIO/stack/ble-host/sources/stack/smp/smpr_sc_sm.o
    0x08026719   0x0000000f   Data   RO         6606    .rodata.smprScStateTblPassKeyKeypress  BUILD/NUCLEO_F401RE/ARMC6/mbed-os/features/FEATURE_BLE/targets/TARGET_CORDIO/stack/ble-host/sources/stack/smp/smpr_sc_sm.o
    0x08026728   0x00000006   Data   RO         6607    .rodata.smprScStateTblPassWaitAuthRsp  BUILD/NUCLEO_F401RE/ARMC6/mbed-os/features/FEATURE_BLE/targets/TARGET_CORDIO/stack/ble-host/sources/stack/smp/smpr_sc_sm.o
    0x0802672e   0x00000006   Data   RO         6609    .rodata.smprScStateTblPasskeyCalc  BUILD/NUCLEO_F401RE/ARMC6/mbed-os/features/FEATURE_BLE/targets/TARGET_CORDIO/stack/ble-host/sources/stack/smp/smpr_sc_sm.o
    0x08026734   0x00000006   Data   RO         6611    .rodata.smprScStateTblPasskeyCheck  BUILD/NUCLEO_F401RE/ARMC6/mbed-os/features/FEATURE_BLE/targets/TARGET_CORDIO/stack/ble-host/sources/stack/smp/smpr_sc_sm.o
    0x0802673a   0x0000000c   Data   RO         6469    .rodata.smprScStateTblPasskeyKeypress  BUILD/NUCLEO_F401RE/ARMC6/mbed-os/features/FEATURE_BLE/targets/TARGET_CORDIO/stack/ble-host/sources/stack/smp/smpi_sc_sm.o
    0x08026746   0x00000006   Data   RO         6610    .rodata.smprScStateTblPasskeyRand  BUILD/NUCLEO_F401RE/ARMC6/mbed-os/features/FEATURE_BLE/targets/TARGET_CORDIO/stack/ble-host/sources/stack/smp/smpr_sc_sm.o
    0x0802674c   0x0000000c   Data   RO         6612    .rodata.smprScStateTblPasskeyRepeat  BUILD/NUCLEO_F401RE/ARMC6/mbed-os/features/FEATURE_BLE/targets/TARGET_CORDIO/stack/ble-host/sources/stack/smp/smpr_sc_sm.o
    0x08026758   0x00000006   Data   RO         6608    .rodata.smprScStateTblPasskeyWaitCnf  BUILD/NUCLEO_F401RE/ARMC6/mbed-os/features/FEATURE_BLE/targets/TARGET_CORDIO/stack/ble-host/sources/stack/smp/smpr_sc_sm.o
    0x0802675e   0x00000006   Data   RO         6598    .rodata.smprScStateTblPubKey  BUILD/NUCLEO_F401RE/ARMC6/mbed-os/features/FEATURE_BLE/targets/TARGET_CORDIO/stack/ble-host/sources/stack/smp/smpr_sc_sm.o
    0x08026764   0x00000012   Data   RO         6633    .rodata.smprScStateTblRspTo  BUILD/NUCLEO_F401RE/ARMC6/mbed-os/features/FEATURE_BLE/targets/TARGET_CORDIO/stack/ble-host/sources/stack/smp/smpr_sc_sm.o
    0x08026776   0x00000009   Data   RO         6629    .rodata.smprScStateTblStkCalc  BUILD/NUCLEO_F401RE/ARMC6/mbed-os/features/FEATURE_BLE/targets/TARGET_CORDIO/stack/ble-host/sources/stack/smp/smpr_sc_sm.o
    0x0802677f   0x00000009   Data   RO         6615    .rodata.smprScStateTblWaitDhCheck  BUILD/NUCLEO_F401RE/ARMC6/mbed-os/features/FEATURE_BLE/targets/TARGET_CORDIO/stack/ble-host/sources/stack/smp/smpr_sc_sm.o
    0x08026788   0x0000000c   Data   RO         6657    .rodata.smprSmIf    BUILD/NUCLEO_F401RE/ARMC6/mbed-os/features/FEATURE_BLE/targets/TARGET_CORDIO/stack/ble-host/sources/stack/smp/smpr_sm.o
    0x08026794   0x0000003c   Data   RO         6654    .rodata.smprStateTbl  BUILD/NUCLEO_F401RE/ARMC6/mbed-os/features/FEATURE_BLE/targets/TARGET_CORDIO/stack/ble-host/sources/stack/smp/smpr_sm.o
    0x080267d0   0x00000015   Data   RO         6640    .rodata.smprStateTblApiPairReq  BUILD/NUCLEO_F401RE/ARMC6/mbed-os/features/FEATURE_BLE/targets/TARGET_CORDIO/stack/ble-host/sources/stack/smp/smpr_sm.o
    0x080267e5   0x00000006   Data   RO         6641    .rodata.smprStateTblApiPairRsp  BUILD/NUCLEO_F401RE/ARMC6/mbed-os/features/FEATURE_BLE/targets/TARGET_CORDIO/stack/ble-host/sources/stack/smp/smpr_sm.o
    0x080267eb   0x00000018   Data   RO         6652    .rodata.smprStateTblAttempts  BUILD/NUCLEO_F401RE/ARMC6/mbed-os/features/FEATURE_BLE/targets/TARGET_CORDIO/stack/ble-host/sources/stack/smp/smpr_sm.o
    0x08026803   0x00000006   Data   RO         6624    .rodata.smprStateTblCnfCalc1  BUILD/NUCLEO_F401RE/ARMC6/mbed-os/features/FEATURE_BLE/targets/TARGET_CORDIO/stack/ble-host/sources/stack/smp/smpr_sc_sm.o
    0x08026809   0x00000006   Data   RO         6644    .rodata.smprStateTblCnfCalc1  BUILD/NUCLEO_F401RE/ARMC6/mbed-os/features/FEATURE_BLE/targets/TARGET_CORDIO/stack/ble-host/sources/stack/smp/smpr_sm.o
    0x0802680f   0x00000006   Data   RO         6625    .rodata.smprStateTblCnfCalc2  BUILD/NUCLEO_F401RE/ARMC6/mbed-os/features/FEATURE_BLE/targets/TARGET_CORDIO/stack/ble-host/sources/stack/smp/smpr_sc_sm.o
    0x08026815   0x00000006   Data   RO         6645    .rodata.smprStateTblCnfCalc2  BUILD/NUCLEO_F401RE/ARMC6/mbed-os/features/FEATURE_BLE/targets/TARGET_CORDIO/stack/ble-host/sources/stack/smp/smpr_sm.o
    0x0802681b   0x00000006   Data   RO         6627    .rodata.smprStateTblCnfVerCalc1  BUILD/NUCLEO_F401RE/ARMC6/mbed-os/features/FEATURE_BLE/targets/TARGET_CORDIO/stack/ble-host/sources/stack/smp/smpr_sc_sm.o
    0x08026821   0x00000006   Data   RO         6647    .rodata.smprStateTblCnfVerCalc1  BUILD/NUCLEO_F401RE/ARMC6/mbed-os/features/FEATURE_BLE/targets/TARGET_CORDIO/stack/ble-host/sources/stack/smp/smpr_sm.o
    0x08026827   0x00000006   Data   RO         6628    .rodata.smprStateTblCnfVerCalc2  BUILD/NUCLEO_F401RE/ARMC6/mbed-os/features/FEATURE_BLE/targets/TARGET_CORDIO/stack/ble-host/sources/stack/smp/smpr_sc_sm.o
    0x0802682d   0x00000006   Data   RO         6648    .rodata.smprStateTblCnfVerCalc2  BUILD/NUCLEO_F401RE/ARMC6/mbed-os/features/FEATURE_BLE/targets/TARGET_CORDIO/stack/ble-host/sources/stack/smp/smpr_sm.o
    0x08026833   0x0000000f   Data   RO         6656    .rodata.smprStateTblCommon  BUILD/NUCLEO_F401RE/ARMC6/mbed-os/features/FEATURE_BLE/targets/TARGET_CORDIO/stack/ble-host/sources/stack/smp/smpr_sm.o
    0x08026842   0x0000000c   Data   RO         6650    .rodata.smprStateTblEncrypt  BUILD/NUCLEO_F401RE/ARMC6/mbed-os/features/FEATURE_BLE/targets/TARGET_CORDIO/stack/ble-host/sources/stack/smp/smpr_sm.o
    0x0802684e   0x00000015   Data   RO         6639    .rodata.smprStateTblIdle  BUILD/NUCLEO_F401RE/ARMC6/mbed-os/features/FEATURE_BLE/targets/TARGET_CORDIO/stack/ble-host/sources/stack/smp/smpr_sm.o
    0x08026863   0x0000000f   Data   RO         6651    .rodata.smprStateTblKeyDist  BUILD/NUCLEO_F401RE/ARMC6/mbed-os/features/FEATURE_BLE/targets/TARGET_CORDIO/stack/ble-host/sources/stack/smp/smpr_sm.o
    0x08026872   0x00000006   Data   RO         6626    .rodata.smprStateTblPairRand  BUILD/NUCLEO_F401RE/ARMC6/mbed-os/features/FEATURE_BLE/targets/TARGET_CORDIO/stack/ble-host/sources/stack/smp/smpr_sc_sm.o
    0x08026878   0x00000006   Data   RO         6646    .rodata.smprStateTblPairRand  BUILD/NUCLEO_F401RE/ARMC6/mbed-os/features/FEATURE_BLE/targets/TARGET_CORDIO/stack/ble-host/sources/stack/smp/smpr_sm.o
    0x0802687e   0x00000009   Data   RO         6622    .rodata.smprStateTblPinPair1  BUILD/NUCLEO_F401RE/ARMC6/mbed-os/features/FEATURE_BLE/targets/TARGET_CORDIO/stack/ble-host/sources/stack/smp/smpr_sc_sm.o
    0x08026887   0x00000009   Data   RO         6642    .rodata.smprStateTblPinPair1  BUILD/NUCLEO_F401RE/ARMC6/mbed-os/features/FEATURE_BLE/targets/TARGET_CORDIO/stack/ble-host/sources/stack/smp/smpr_sm.o
    0x08026890   0x00000009   Data   RO         6623    .rodata.smprStateTblPinPair2  BUILD/NUCLEO_F401RE/ARMC6/mbed-os/features/FEATURE_BLE/targets/TARGET_CORDIO/stack/ble-host/sources/stack/smp/smpr_sc_sm.o
    0x08026899   0x00000009   Data   RO         6643    .rodata.smprStateTblPinPair2  BUILD/NUCLEO_F401RE/ARMC6/mbed-os/features/FEATURE_BLE/targets/TARGET_CORDIO/stack/ble-host/sources/stack/smp/smpr_sm.o
    0x080268a2   0x00000012   Data   RO         6653    .rodata.smprStateTblRspTo  BUILD/NUCLEO_F401RE/ARMC6/mbed-os/features/FEATURE_BLE/targets/TARGET_CORDIO/stack/ble-host/sources/stack/smp/smpr_sm.o
    0x080268b4   0x00000009   Data   RO         6649    .rodata.smprStateTblStkCalc  BUILD/NUCLEO_F401RE/ARMC6/mbed-os/features/FEATURE_BLE/targets/TARGET_CORDIO/stack/ble-host/sources/stack/smp/smpr_sm.o
    0x080268bd   0x00000088   Data   RO         1085    .rodata.str1.1      BUILD/NUCLEO_F401RE/ARMC6/mbed-os/drivers/SPI.o
    0x08026945   0x00000023   Data   RO         1673    .rodata.str1.1      BUILD/NUCLEO_F401RE/ARMC6/mbed-os/features/FEATURE_BLE/source/BLE.o
    0x08026968   0x0000003f   Data   RO         1788    .rodata.str1.1      BUILD/NUCLEO_F401RE/ARMC6/mbed-os/features/FEATURE_BLE/source/gap/AdvertisingDataBuilder.o
    0x080269a7   0x00000118   Data   RO         2083    .rodata.str1.1      BUILD/NUCLEO_F401RE/ARMC6/mbed-os/features/FEATURE_BLE/targets/TARGET_CORDIO/source/CordioBLE.o
    0x08026abf   0x00000164   Data   RO         2400    .rodata.str1.1      BUILD/NUCLEO_F401RE/ARMC6/mbed-os/features/FEATURE_BLE/targets/TARGET_CORDIO/source/CordioImplementations.o
    0x08026c23   0x0000001c   Data   RO        12394    .rodata.str1.1      BUILD/NUCLEO_F401RE/ARMC6/mbed-os/features/mbedtls/mbed-crypto/src/md_wrap.o
    0x08026c3f   0x00000070   Data   RO        12442    .rodata.str1.1      BUILD/NUCLEO_F401RE/ARMC6/mbed-os/features/mbedtls/mbed-crypto/src/oid.o
    0x08026caf   0x00000048   Data   RO        24379    .rodata.str1.1      BUILD/NUCLEO_F401RE/ARMC6/mbed-os/hal/LowPowerTickerWrapper.o
    0x08026cf7   0x00000020   Data   RO        24518    .rodata.str1.1      BUILD/NUCLEO_F401RE/ARMC6/mbed-os/hal/mbed_ticker_api.o
    0x08026d17   0x000000c8   Data   RO        24767    .rodata.str1.1      BUILD/NUCLEO_F401RE/ARMC6/mbed-os/platform/TARGET_CORTEX_M/mbed_fault_handler.o
    0x08026ddf   0x0000014f   Data   RO        24950    .rodata.str1.1      BUILD/NUCLEO_F401RE/ARMC6/mbed-os/platform/mbed_error.o
    0x08026f2e   0x0000005c   Data   RO        25178    .rodata.str1.1      BUILD/NUCLEO_F401RE/ARMC6/mbed-os/platform/mbed_retarget.o
    0x08026f8a   0x00000012   Data   RO        25358    .rodata.str1.1      BUILD/NUCLEO_F401RE/ARMC6/mbed-os/rtos/Mutex.o
    0x08026f9c   0x00000019   Data   RO        25395    .rodata.str1.1      BUILD/NUCLEO_F401RE/ARMC6/mbed-os/rtos/Semaphore.o
    0x08026fb5   0x00000138   Data   RO        25476    .rodata.str1.1      BUILD/NUCLEO_F401RE/ARMC6/mbed-os/rtos/TARGET_CORTEX/mbed_rtx_handlers.o
    0x080270ed   0x00000013   Data   RO        25680    .rodata.str1.1      BUILD/NUCLEO_F401RE/ARMC6/mbed-os/rtos/TARGET_CORTEX/rtx5/RTX/Source/rtx_lib.o
    0x08027100   0x00000035   Data   RO        26116    .rodata.str1.1      BUILD/NUCLEO_F401RE/ARMC6/mbed-os/rtos/Thread.o
    0x08027135   0x00000039   Data   RO        28544    .rodata.str1.1      BUILD/NUCLEO_F401RE/ARMC6/mbed-os/targets/TARGET_STM/pinmap.o
    0x0802716e   0x0000002a   Data   RO        28659    .rodata.str1.1      BUILD/NUCLEO_F401RE/ARMC6/mbed-os/targets/TARGET_STM/serial_api.o
    0x08027198   0x0000061f   Data   RO        29852    .rodata.str1.1      BUILD/NUCLEO_F401RE/ARMC6/src/main.o
    0x080277b7   0x00000001   PAD
    0x080277b8   0x0000000b   Data   RO        25667    .rodata.str1.4      BUILD/NUCLEO_F401RE/ARMC6/mbed-os/rtos/TARGET_CORTEX/rtx5/RTX/Source/rtx_kernel.o
    0x080277c3   0x00000001   PAD
    0x080277c4   0x00000008   Data   RO        24529    .rodata.us_data     BUILD/NUCLEO_F401RE/ARMC6/mbed-os/hal/mbed_us_ticker_api.o
    0x080277cc   0x00000024   Data   RO        24531    .rodata.us_interface  BUILD/NUCLEO_F401RE/ARMC6/mbed-os/hal/mbed_us_ticker_api.o
    0x080277f0   0x00000008   Data   RO        28749    .rodata.us_ticker_get_info.info  BUILD/NUCLEO_F401RE/ARMC6/mbed-os/targets/TARGET_STM/us_ticker.o
    0x080277f8   0x00000020   Data   RO        31192    Region$$Table       anon$$obj.o
    0x08027818   0x00000110   Data   RO        30813    locale$$data        c:\Users\Akhil Sai\AppData\Local\Mbed Studio\mbed-studio-tools\ac6\bin\..\lib\armlib\c_w.l(lc_ctype_c.o)
    0x08027928   0x0000001c   Data   RO        31016    locale$$data        c:\Users\Akhil Sai\AppData\Local\Mbed Studio\mbed-studio-tools\ac6\bin\..\lib\armlib\c_w.l(lc_numeric_c.o)
    0x08027944   0x00000004   Data   RO         2403    .init_array         BUILD/NUCLEO_F401RE/ARMC6/mbed-os/features/FEATURE_BLE/targets/TARGET_CORDIO/source/CordioImplementations.o
    0x08027948   0x00000004   Data   RO        29853    .init_array         BUILD/NUCLEO_F401RE/ARMC6/src/main.o
    0x0802794c   0x00000000   Data   RO        30575    .init_array         c:\Users\Akhil Sai\AppData\Local\Mbed Studio\mbed-studio-tools\ac6\bin\..\lib\armlib\c_w.l(init_aeabi.o)


    Execution Region RW_IRAM1 (Base: 0x20000198, Size: 0x000043f8, Max: 0x00017a68, ABSOLUTE, COMPRESSED[0x000000c8])

    Base Addr    Size         Type   Attr      Idx    E Section Name        Object

    0x20000198   0x00000004   Data   RW        30487    .data               c:\Users\Akhil Sai\AppData\Local\Mbed Studio\mbed-studio-tools\ac6\bin\..\lib\armlib\c_w.l(stdio_streams.o)
    0x2000019c   0x00000004   Data   RW        30488    .data               c:\Users\Akhil Sai\AppData\Local\Mbed Studio\mbed-studio-tools\ac6\bin\..\lib\armlib\c_w.l(stdio_streams.o)
    0x200001a0   0x00000004   Data   RW        30489    .data               c:\Users\Akhil Sai\AppData\Local\Mbed Studio\mbed-studio-tools\ac6\bin\..\lib\armlib\c_w.l(stdio_streams.o)
    0x200001a4   0x00000004   Data   RW        30800    .data               c:\Users\Akhil Sai\AppData\Local\Mbed Studio\mbed-studio-tools\ac6\bin\..\lib\armlib\c_w.l(streamlock.o)
    0x200001a8   0x00000004   Data   RW        28291    .data.SystemCoreClock  BUILD/NUCLEO_F401RE/ARMC6/mbed-os/targets/TARGET_STM/TARGET_STM32F4/device/system_stm32f4xx.o
    0x200001ac   0x00000040   Data   RW        25183    .data._ZL11filehandles  BUILD/NUCLEO_F401RE/ARMC6/mbed-os/platform/mbed_retarget.o
    0x200001ec   0x00000004   Data   RW        25485    .data._ZL14idle_hook_fptr  BUILD/NUCLEO_F401RE/ARMC6/mbed-os/rtos/TARGET_CORTEX/mbed_rtx_idle.o
    0x200001f0   0x00000004   Data   RW         1970    .data._ZN3ble6vendor6cordio24CordioHCITransportDriver21data_received_handlerE  BUILD/NUCLEO_F401RE/ARMC6/mbed-os/features/FEATURE_BLE/targets/TARGET_CORDIO/driver/CordioHCITransportDriver.o
    0x200001f4   0x00000014   Data   RW         2068    .data._ZN3ble6vendor6cordio3BLE14_init_callbackE  BUILD/NUCLEO_F401RE/ARMC6/mbed-os/features/FEATURE_BLE/targets/TARGET_CORDIO/source/CordioBLE.o
    0x20000208   0x00000010   Data   RW         4795    .data.attBaseUuid   BUILD/NUCLEO_F401RE/ARMC6/mbed-os/features/FEATURE_BLE/targets/TARGET_CORDIO/stack/ble-host/sources/stack/att/att_main.o
    0x20000218   0x00000008   Data   RW         5279    .data.attCfg        BUILD/NUCLEO_F401RE/ARMC6/mbed-os/features/FEATURE_BLE/targets/TARGET_CORDIO/stack/ble-host/sources/stack/cfg/cfg_stack.o
    0x20000220   0x00000044   Data   RW         5206    .data.attsProcFcnTbl  BUILD/NUCLEO_F401RE/ARMC6/mbed-os/features/FEATURE_BLE/targets/TARGET_CORDIO/stack/ble-host/sources/stack/att/atts_main.o
    0x20000264   0x00000038   Data   RW         5776    .data.dmFcnIfTbl    BUILD/NUCLEO_F401RE/ARMC6/mbed-os/features/FEATURE_BLE/targets/TARGET_CORDIO/stack/ble-host/sources/stack/dm/dm_main.o
    0x2000029c   0x00000004   Data   RW         4301    .data.hciLeSupFeatCfg  BUILD/NUCLEO_F401RE/ARMC6/mbed-os/features/FEATURE_BLE/targets/TARGET_CORDIO/stack/ble-host/sources/hci/common/hci_core.o
    0x200002a0   0x00000004   Data   RW        24423    .data.irq_handler   BUILD/NUCLEO_F401RE/ARMC6/mbed-os/hal/mbed_lp_ticker_api.o
    0x200002a4   0x00000004   Data   RW        24530    .data.irq_handler   BUILD/NUCLEO_F401RE/ARMC6/mbed-os/hal/mbed_us_ticker_api.o
    0x200002a8   0x00000036   Data   RW        29851    .data.mac_addr      BUILD/NUCLEO_F401RE/ARMC6/src/main.o
    0x200002de   0x00000002   PAD
    0x200002e0   0x000000a4   Data   RW        25668    .data.os            BUILD/NUCLEO_F401RE/ARMC6/mbed-os/rtos/TARGET_CORTEX/rtx5/RTX/Source/rtx_kernel.o
    0x20000384   0x00000004   Data   RW         5280    .data.pAttCfg       BUILD/NUCLEO_F401RE/ARMC6/mbed-os/features/FEATURE_BLE/targets/TARGET_CORDIO/stack/ble-host/sources/stack/cfg/cfg_stack.o
    0x20000388   0x00000004   Data   RW         5282    .data.pSmpCfg       BUILD/NUCLEO_F401RE/ARMC6/mbed-os/features/FEATURE_BLE/targets/TARGET_CORDIO/stack/ble-host/sources/stack/cfg/cfg_stack.o
    0x2000038c   0x00000018   Data   RW         5281    .data.smpCfg        BUILD/NUCLEO_F401RE/ARMC6/mbed-os/features/FEATURE_BLE/targets/TARGET_CORDIO/stack/ble-host/sources/stack/cfg/cfg_stack.o
    0x200003a4   0x00000054   Zero   RW        30484    .bss                c:\Users\Akhil Sai\AppData\Local\Mbed Studio\mbed-studio-tools\ac6\bin\..\lib\armlib\c_w.l(stdio_streams.o)
    0x200003f8   0x00000054   Zero   RW        30485    .bss                c:\Users\Akhil Sai\AppData\Local\Mbed Studio\mbed-studio-tools\ac6\bin\..\lib\armlib\c_w.l(stdio_streams.o)
    0x2000044c   0x00000054   Zero   RW        30486    .bss                c:\Users\Akhil Sai\AppData\Local\Mbed Studio\mbed-studio-tools\ac6\bin\..\lib\armlib\c_w.l(stdio_streams.o)
    0x200004a0   0x00000060   Zero   RW        30696    .bss                c:\Users\Akhil Sai\AppData\Local\Mbed Studio\mbed-studio-tools\ac6\bin\..\lib\armlib\c_w.l(libspace.o)
    0x20000500   0x00000004   Zero   RW        28619    .bss.LPTICKER_RTC_time  BUILD/NUCLEO_F401RE/ARMC6/mbed-os/targets/TARGET_STM/rtc_api.o
    0x20000504   0x00000004   Zero   RW        28618    .bss.LPTICKER_counter  BUILD/NUCLEO_F401RE/ARMC6/mbed-os/targets/TARGET_STM/rtc_api.o
    0x20000508   0x00000001   Zero   RW        26025    .bss.PendST         BUILD/NUCLEO_F401RE/ARMC6/mbed-os/rtos/TARGET_CORTEX/rtx5/Source/os_systick.o
    0x20000509   0x00000003   PAD
    0x2000050c   0x00000001   Zero   RW        28620    .bss.RTC_inited     BUILD/NUCLEO_F401RE/ARMC6/mbed-os/targets/TARGET_STM/rtc_api.o
    0x2000050d   0x00000003   PAD
    0x20000510   0x00000020   Zero   RW        28621    .bss.RtcHandle      BUILD/NUCLEO_F401RE/ARMC6/mbed-os/targets/TARGET_STM/rtc_api.o
    0x20000530   0x00000054   Zero   RW         6388    .bss.SMP_ScCcb      BUILD/NUCLEO_F401RE/ARMC6/mbed-os/features/FEATURE_BLE/targets/TARGET_CORDIO/stack/ble-host/sources/stack/smp/smp_sc_main.o
    0x20000584   0x00000004   Zero   RW         2063    .bss.SystemHeapSize  BUILD/NUCLEO_F401RE/ARMC6/mbed-os/features/FEATURE_BLE/targets/TARGET_CORDIO/source/CordioBLE.o
    0x20000588   0x00000004   Zero   RW         2062    .bss.SystemHeapStart  BUILD/NUCLEO_F401RE/ARMC6/mbed-os/features/FEATURE_BLE/targets/TARGET_CORDIO/source/CordioBLE.o
    0x2000058c   0x0000003c   Zero   RW        28750    .bss.TimMasterHandle  BUILD/NUCLEO_F401RE/ARMC6/mbed-os/targets/TARGET_STM/us_ticker.o
    0x200005c8   0x00000004   Zero   RW        29782    .bss._ZGVZ25ble_cordio_get_hci_drivervE10hci_driver  BUILD/NUCLEO_F401RE/ARMC6/shields/TARGET_CORDIO_BLUENRG/BlueNrgHCIDriver.o
    0x200005cc   0x00000004   Zero   RW        29780    .bss._ZGVZ25ble_cordio_get_hci_drivervE16transport_driver  BUILD/NUCLEO_F401RE/ARMC6/shields/TARGET_CORDIO_BLUENRG/BlueNrgHCIDriver.o
    0x200005d0   0x00000004   Zero   RW        25185    .bss._ZGVZL15default_consolevE7console  BUILD/NUCLEO_F401RE/ARMC6/mbed-os/platform/mbed_retarget.o
    0x200005d4   0x00000004   Zero   RW         1672    .bss._ZGVZN3BLE8InstanceEjE12badSingleton  BUILD/NUCLEO_F401RE/ARMC6/mbed-os/features/FEATURE_BLE/source/BLE.o
    0x200005d8   0x00000004   Zero   RW         4260    .bss._ZGVZN3ble3pal6vendor6cordio15CordioAttClient10get_clientEvE7_client  BUILD/NUCLEO_F401RE/ARMC6/mbed-os/features/FEATURE_BLE/targets/TARGET_CORDIO/source/CordioPalAttClient.o
    0x200005dc   0x00000004   Zero   RW         4121    .bss._ZGVZN3ble3pal6vendor6cordio21CordioSecurityManagerINS_7generic22GenericSecurityManagerIS3_NS_6vendor6cordio19SigningEventMonitorEEEE20get_security_managerEvE17_security_manager  BUILD/NUCLEO_F401RE/ARMC6/mbed-os/features/FEATURE_BLE/targets/TARGET_CORDIO/source/CordioImplementations.o
    0x200005e0   0x00000004   Zero   RW         4128    .bss._ZGVZN3ble3pal6vendor6cordio3GapINS_7generic10GenericGapIS3_NS0_15SecurityManagerINS2_21CordioSecurityManagerINS4_22GenericSecurityManagerIS7_NS_6vendor6cordio19SigningEventMonitorEEEEESC_EESC_EEE7get_gapEvE4_gap  BUILD/NUCLEO_F401RE/ARMC6/mbed-os/features/FEATURE_BLE/targets/TARGET_CORDIO/source/CordioImplementations.o
    0x200005e4   0x00000004   Zero   RW         2295    .bss._ZGVZN3ble6vendor6cordio10GattServer11getInstanceEvE10m_instance  BUILD/NUCLEO_F401RE/ARMC6/mbed-os/features/FEATURE_BLE/targets/TARGET_CORDIO/source/CordioGattServer.o
    0x200005e8   0x00000004   Zero   RW         2082    .bss._ZGVZN3ble6vendor6cordio3BLE12waitForEventEvE11nextTimeout  BUILD/NUCLEO_F401RE/ARMC6/mbed-os/features/FEATURE_BLE/targets/TARGET_CORDIO/source/CordioBLE.o
    0x200005ec   0x00000004   Zero   RW         2075    .bss._ZGVZN3ble6vendor6cordio3BLE13getGattClientEvE11gatt_client  BUILD/NUCLEO_F401RE/ARMC6/mbed-os/features/FEATURE_BLE/targets/TARGET_CORDIO/source/CordioBLE.o
    0x200005f0   0x00000004   Zero   RW         2085    .bss._ZGVZN3ble6vendor6cordio3BLE14callDispatcherEvE11nextTimeout  BUILD/NUCLEO_F401RE/ARMC6/mbed-os/features/FEATURE_BLE/targets/TARGET_CORDIO/source/CordioBLE.o
    0x200005f4   0x00000004   Zero   RW         2067    .bss._ZGVZN3ble6vendor6cordio3BLE14deviceInstanceEvE8instance  BUILD/NUCLEO_F401RE/ARMC6/mbed-os/features/FEATURE_BLE/targets/TARGET_CORDIO/source/CordioBLE.o
    0x200005f8   0x00000004   Zero   RW         2077    .bss._ZGVZN3ble6vendor6cordio3BLE16getPalGattClientEvE10pal_client  BUILD/NUCLEO_F401RE/ARMC6/mbed-os/features/FEATURE_BLE/targets/TARGET_CORDIO/source/CordioBLE.o
    0x200005fc   0x00000004   Zero   RW         2080    .bss._ZGVZN3ble6vendor6cordio3BLE18getSecurityManagerEvE10m_instance  BUILD/NUCLEO_F401RE/ARMC6/mbed-os/features/FEATURE_BLE/targets/TARGET_CORDIO/source/CordioBLE.o
    0x20000600   0x00000004   Zero   RW         2071    .bss._ZGVZN3ble6vendor6cordio3BLE6getGapEvE18cordio_gap_service  BUILD/NUCLEO_F401RE/ARMC6/mbed-os/features/FEATURE_BLE/targets/TARGET_CORDIO/source/CordioBLE.o
    0x20000604   0x00000004   Zero   RW         2073    .bss._ZGVZN3ble6vendor6cordio3BLE6getGapEvE3gap  BUILD/NUCLEO_F401RE/ARMC6/mbed-os/features/FEATURE_BLE/targets/TARGET_CORDIO/source/CordioBLE.o
    0x20000608   0x00000004   Zero   RW        29990    .bss._ZGVZN7ConNode13propose_blockEvE3tmp  BUILD/NUCLEO_F401RE/ARMC6/src/main.o
    0x2000060c   0x00000004   Zero   RW        29992    .bss._ZGVZN7ConNode13propose_blockEvE4tmp1  BUILD/NUCLEO_F401RE/ARMC6/src/main.o
    0x20000610   0x00000004   Zero   RW        29987    .bss._ZGVZN7ConNode18verify_certificateEhE3tmp  BUILD/NUCLEO_F401RE/ARMC6/src/main.o
    0x20000614   0x00000004   Zero   RW        29994    .bss._ZGVZN7ConNode9cast_voteEhE3tmp  BUILD/NUCLEO_F401RE/ARMC6/src/main.o
    0x20000618   0x0000005c   Zero   RW        29848    .bss._ZL11event_queue  BUILD/NUCLEO_F401RE/ARMC6/src/main.o
    0x20000674   0x00000010   Zero   RW        25175    .bss._ZL13stdio_in_prev  BUILD/NUCLEO_F401RE/ARMC6/mbed-os/platform/mbed_retarget.o
    0x20000684   0x00000010   Zero   RW        25176    .bss._ZL14stdio_out_prev  BUILD/NUCLEO_F401RE/ARMC6/mbed-os/platform/mbed_retarget.o
    0x20000694   0x00000004   Zero   RW        24453    .bss._ZL14ticker_wrapper  BUILD/NUCLEO_F401RE/ARMC6/mbed-os/hal/mbed_lp_ticker_wrapper.o
    0x20000698   0x00000028   Zero   RW        25173    .bss._ZL16filehandle_mutex  BUILD/NUCLEO_F401RE/ARMC6/mbed-os/platform/mbed_retarget.o
    0x200006c0   0x00000070   Zero   RW        24454    .bss._ZL19ticker_wrapper_data  BUILD/NUCLEO_F401RE/ARMC6/mbed-os/hal/mbed_lp_ticker_wrapper.o
    0x20000730   0x00000001   Zero   RW        24452    .bss._ZL4init       BUILD/NUCLEO_F401RE/ARMC6/mbed-os/hal/mbed_lp_ticker_wrapper.o
    0x20000731   0x00000003   PAD
    0x20000734   0x00000028   Zero   RW        25179    .bss._ZL6_mutex     BUILD/NUCLEO_F401RE/ARMC6/mbed-os/platform/mbed_retarget.o
    0x2000075c   0x00000004   Zero   RW        24590    .bss._ZN10CThunkBase17_cthunk_free_realE  BUILD/NUCLEO_F401RE/ARMC6/mbed-os/platform/CThunkBase.o
    0x20000760   0x00000004   Zero   RW         2065    .bss._ZN3ble6vendor6cordio3BLE11_hci_driverE  BUILD/NUCLEO_F401RE/ARMC6/mbed-os/features/FEATURE_BLE/targets/TARGET_CORDIO/source/CordioBLE.o
    0x20000764   0x00000008   Zero   RW         2399    .bss._ZN3ble7generic12_GLOBAL__N_119default_scan_paramsE  BUILD/NUCLEO_F401RE/ARMC6/mbed-os/features/FEATURE_BLE/targets/TARGET_CORDIO/source/CordioImplementations.o
    0x2000076c   0x00000128   Zero   RW         1082    .bss._ZN4mbed3SPI12_peripheralsE  BUILD/NUCLEO_F401RE/ARMC6/mbed-os/drivers/SPI.o
    0x20000894   0x00000004   Zero   RW         1083    .bss._ZN4mbed3SPI17_peripherals_usedE  BUILD/NUCLEO_F401RE/ARMC6/mbed-os/drivers/SPI.o
    0x20000898   0x00000004   Zero   RW        24651    .bss._ZN4mbed8FileBase5_headE  BUILD/NUCLEO_F401RE/ARMC6/mbed-os/platform/FileBase.o
    0x2000089c   0x00000028   Zero   RW        24652    .bss._ZN4mbed8FileBase6_mutexE  BUILD/NUCLEO_F401RE/ARMC6/mbed-os/platform/FileBase.o
    0x200008c4   0x00000004   Zero   RW        24653    .bss._ZN4mbed8FileBase8_defaultE  BUILD/NUCLEO_F401RE/ARMC6/mbed-os/platform/FileBase.o
    0x200008c8   0x00000028   Zero   RW        29781    .bss._ZZ25ble_cordio_get_hci_drivervE10hci_driver  BUILD/NUCLEO_F401RE/ARMC6/shields/TARGET_CORDIO_BLUENRG/BlueNrgHCIDriver.o
    0x200008f0   0x000005d0   Zero   RW        29779    .bss._ZZ25ble_cordio_get_hci_drivervE16transport_driver  BUILD/NUCLEO_F401RE/ARMC6/shields/TARGET_CORDIO_BLUENRG/BlueNrgHCIDriver.o
    0x20000ec0   0x00000004   Zero   RW        25184    .bss._ZZL15default_consolevE7console  BUILD/NUCLEO_F401RE/ARMC6/mbed-os/platform/mbed_retarget.o
    0x20000ec4   0x00000004   Zero   RW         1670    .bss._ZZN3BLE8InstanceEjE10singletons  BUILD/NUCLEO_F401RE/ARMC6/mbed-os/features/FEATURE_BLE/source/BLE.o
    0x20000ec8   0x00000020   Zero   RW         1671    .bss._ZZN3BLE8InstanceEjE12badSingleton  BUILD/NUCLEO_F401RE/ARMC6/mbed-os/features/FEATURE_BLE/source/BLE.o
    0x20000ee8   0x00000004   Zero   RW         1674    .bss._ZZN3BLEC1EjE18transportInstances  BUILD/NUCLEO_F401RE/ARMC6/mbed-os/features/FEATURE_BLE/source/BLE.o
    0x20000eec   0x00000024   Zero   RW         4259    .bss._ZZN3ble3pal6vendor6cordio15CordioAttClient10get_clientEvE7_client  BUILD/NUCLEO_F401RE/ARMC6/mbed-os/features/FEATURE_BLE/targets/TARGET_CORDIO/source/CordioPalAttClient.o
    0x20000f10   0x00000064   Zero   RW         4120    .bss._ZZN3ble3pal6vendor6cordio21CordioSecurityManagerINS_7generic22GenericSecurityManagerIS3_NS_6vendor6cordio19SigningEventMonitorEEEE20get_security_managerEvE17_security_manager  BUILD/NUCLEO_F401RE/ARMC6/mbed-os/features/FEATURE_BLE/targets/TARGET_CORDIO/source/CordioImplementations.o
    0x20000f74   0x00000020   Zero   RW         4127    .bss._ZZN3ble3pal6vendor6cordio3GapINS_7generic10GenericGapIS3_NS0_15SecurityManagerINS2_21CordioSecurityManagerINS4_22GenericSecurityManagerIS7_NS_6vendor6cordio19SigningEventMonitorEEEEESC_EESC_EEE7get_gapEvE4_gap  BUILD/NUCLEO_F401RE/ARMC6/mbed-os/features/FEATURE_BLE/targets/TARGET_CORDIO/source/CordioImplementations.o
    0x20000f94   0x000002a4   Zero   RW         2294    .bss._ZZN3ble6vendor6cordio10GattServer11getInstanceEvE10m_instance  BUILD/NUCLEO_F401RE/ARMC6/mbed-os/features/FEATURE_BLE/targets/TARGET_CORDIO/source/CordioGattServer.o
    0x20001238   0x00000001   Zero   RW         1959    .bss._ZZN3ble6vendor6cordio15CordioHCIDriver21handle_reset_sequenceEPhE7randCnt  BUILD/NUCLEO_F401RE/ARMC6/mbed-os/features/FEATURE_BLE/targets/TARGET_CORDIO/driver/CordioHCIDriver.o
    0x20001239   0x00000007   PAD
    0x20001240   0x000008d0   Zero   RW         1957    .bss._ZZN3ble6vendor6cordio15CordioHCIDriver35get_default_buffer_pool_descriptionEvE6buffer  BUILD/NUCLEO_F401RE/ARMC6/mbed-os/features/FEATURE_BLE/targets/TARGET_CORDIO/driver/CordioHCIDriver.o
    0x20001b10   0x00000040   Zero   RW         2081    .bss._ZZN3ble6vendor6cordio3BLE12waitForEventEvE11nextTimeout  BUILD/NUCLEO_F401RE/ARMC6/mbed-os/features/FEATURE_BLE/targets/TARGET_CORDIO/source/CordioBLE.o
    0x20001b50   0x00000058   Zero   RW         2074    .bss._ZZN3ble6vendor6cordio3BLE13getGattClientEvE11gatt_client  BUILD/NUCLEO_F401RE/ARMC6/mbed-os/features/FEATURE_BLE/targets/TARGET_CORDIO/source/CordioBLE.o
    0x20001ba8   0x00000040   Zero   RW         2084    .bss._ZZN3ble6vendor6cordio3BLE14callDispatcherEvE11nextTimeout  BUILD/NUCLEO_F401RE/ARMC6/mbed-os/features/FEATURE_BLE/targets/TARGET_CORDIO/source/CordioBLE.o
    0x20001be8   0x00000048   Zero   RW         2066    .bss._ZZN3ble6vendor6cordio3BLE14deviceInstanceEvE8instance  BUILD/NUCLEO_F401RE/ARMC6/mbed-os/features/FEATURE_BLE/targets/TARGET_CORDIO/source/CordioBLE.o
    0x20001c30   0x00000028   Zero   RW         2076    .bss._ZZN3ble6vendor6cordio3BLE16getPalGattClientEvE10pal_client  BUILD/NUCLEO_F401RE/ARMC6/mbed-os/features/FEATURE_BLE/targets/TARGET_CORDIO/source/CordioBLE.o
    0x20001c58   0x000000f4   Zero   RW         2079    .bss._ZZN3ble6vendor6cordio3BLE18getSecurityManagerEvE10m_instance  BUILD/NUCLEO_F401RE/ARMC6/mbed-os/features/FEATURE_BLE/targets/TARGET_CORDIO/source/CordioBLE.o
    0x20001d4c   0x00000001   Zero   RW         2078    .bss._ZZN3ble6vendor6cordio3BLE18getSecurityManagerEvE21signing_event_monitor  BUILD/NUCLEO_F401RE/ARMC6/mbed-os/features/FEATURE_BLE/targets/TARGET_CORDIO/source/CordioBLE.o
    0x20001d4d   0x00000003   PAD
    0x20001d50   0x00000004   Zero   RW         2070    .bss._ZZN3ble6vendor6cordio3BLE6getGapEvE18cordio_gap_service  BUILD/NUCLEO_F401RE/ARMC6/mbed-os/features/FEATURE_BLE/targets/TARGET_CORDIO/source/CordioBLE.o
    0x20001d54   0x00000004   PAD
    0x20001d58   0x000001c0   Zero   RW         2072    .bss._ZZN3ble6vendor6cordio3BLE6getGapEvE3gap  BUILD/NUCLEO_F401RE/ARMC6/mbed-os/features/FEATURE_BLE/targets/TARGET_CORDIO/source/CordioBLE.o
    0x20001f18   0x00000001   Zero   RW        29840    .bss._ZZN3ble6vendor7bluenrg9HCIDriver21handle_reset_sequenceEPhE7randCnt  BUILD/NUCLEO_F401RE/ARMC6/shields/TARGET_CORDIO_BLUENRG/BlueNrgHCIDriver.o
    0x20001f19   0x00000003   PAD
    0x20001f1c   0x00000004   Zero   RW        29989    .bss._ZZN7ConNode13propose_blockEvE3tmp  BUILD/NUCLEO_F401RE/ARMC6/src/main.o
    0x20001f20   0x00000004   Zero   RW        29991    .bss._ZZN7ConNode13propose_blockEvE4tmp1  BUILD/NUCLEO_F401RE/ARMC6/src/main.o
    0x20001f24   0x00000004   Zero   RW        29986    .bss._ZZN7ConNode18verify_certificateEhE3tmp  BUILD/NUCLEO_F401RE/ARMC6/src/main.o
    0x20001f28   0x00000004   Zero   RW        29993    .bss._ZZN7ConNode9cast_voteEhE3tmp  BUILD/NUCLEO_F401RE/ARMC6/src/main.o
    0x20001f2c   0x00000004   PAD
    0x20001f30   0x00001000   Zero   RW        25439    .bss._main_stack    BUILD/NUCLEO_F401RE/ARMC6/mbed-os/rtos/TARGET_CORTEX/mbed_rtos_rtx.o
    0x20002f30   0x00000024   Zero   RW        25440    .bss._main_thread_attr  BUILD/NUCLEO_F401RE/ARMC6/mbed-os/rtos/TARGET_CORTEX/mbed_rtos_rtx.o
    0x20002f54   0x00000020   Zero   RW        25414    .bss._static_mutexes  BUILD/NUCLEO_F401RE/ARMC6/mbed-os/rtos/TARGET_CORTEX/TOOLCHAIN_ARM_STD/mbed_boot_arm_std.o
    0x20002f74   0x000000e0   Zero   RW        25415    .bss._static_mutexes_mem  BUILD/NUCLEO_F401RE/ARMC6/mbed-os/rtos/TARGET_CORTEX/TOOLCHAIN_ARM_STD/mbed_boot_arm_std.o
    0x20003054   0x00000080   Zero   RW         4794    .bss.attCb          BUILD/NUCLEO_F401RE/ARMC6/mbed-os/features/FEATURE_BLE/targets/TARGET_CORDIO/stack/ble-host/sources/stack/att/att_main.o
    0x200030d4   0x000000b0   Zero   RW         5009    .bss.attcCb         BUILD/NUCLEO_F401RE/ARMC6/mbed-os/features/FEATURE_BLE/targets/TARGET_CORDIO/stack/ble-host/sources/stack/att/attc_main.o
    0x20003184   0x00000018   Zero   RW         5208    .bss.attsCb         BUILD/NUCLEO_F401RE/ARMC6/mbed-os/features/FEATURE_BLE/targets/TARGET_CORDIO/stack/ble-host/sources/stack/att/atts_main.o
    0x2000319c   0x00000018   Zero   RW         5097    .bss.attsCccCb      BUILD/NUCLEO_F401RE/ARMC6/mbed-os/features/FEATURE_BLE/targets/TARGET_CORDIO/stack/ble-host/sources/stack/att/atts_ccc.o
    0x200031b4   0x00000010   Zero   RW         5122    .bss.attsCsfCb      BUILD/NUCLEO_F401RE/ARMC6/mbed-os/features/FEATURE_BLE/targets/TARGET_CORDIO/stack/ble-host/sources/stack/att/atts_csf.o
    0x200031c4   0x00000054   Zero   RW         5164    .bss.attsIndCb      BUILD/NUCLEO_F401RE/ARMC6/mbed-os/features/FEATURE_BLE/targets/TARGET_CORDIO/stack/ble-host/sources/stack/att/atts_ind.o
    0x20003218   0x00000038   Zero   RW         5260    .bss.attsSignCb     BUILD/NUCLEO_F401RE/ARMC6/mbed-os/features/FEATURE_BLE/targets/TARGET_CORDIO/stack/ble-host/sources/stack/att/atts_sign.o
    0x20003250   0x00000214   Zero   RW        28417    .bss.channels       BUILD/NUCLEO_F401RE/ARMC6/mbed-os/targets/TARGET_STM/gpio_irq_api.o
    0x20003464   0x00000001   Zero   RW        24396    .bss.critical_interrupts_enabled  BUILD/NUCLEO_F401RE/ARMC6/mbed-os/hal/mbed_critical_section_api.o
    0x20003465   0x00000003   PAD
    0x20003468   0x00000004   Zero   RW        24901    .bss.critical_section_reentrancy_counter  BUILD/NUCLEO_F401RE/ARMC6/mbed-os/platform/mbed_critical.o
    0x2000346c   0x00000002   Zero   RW        25245    .bss.deep_sleep_lock  BUILD/NUCLEO_F401RE/ARMC6/mbed-os/platform/mbed_sleep_manager.o
    0x2000346e   0x00000002   PAD
    0x20003470   0x00000044   Zero   RW         5315    .bss.dmAdvCb        BUILD/NUCLEO_F401RE/ARMC6/mbed-os/features/FEATURE_BLE/targets/TARGET_CORDIO/stack/ble-host/sources/stack/dm/dm_adv.o
    0x200034b4   0x00000018   Zero   RW         5777    .bss.dmCb           BUILD/NUCLEO_F401RE/ARMC6/mbed-os/features/FEATURE_BLE/targets/TARGET_CORDIO/stack/ble-host/sources/stack/dm/dm_main.o
    0x200034cc   0x0000000c   Zero   RW         5670    .bss.dmConnActSet   BUILD/NUCLEO_F401RE/ARMC6/mbed-os/features/FEATURE_BLE/targets/TARGET_CORDIO/stack/ble-host/sources/stack/dm/dm_conn_sm.o
    0x200034d8   0x000000d4   Zero   RW         5548    .bss.dmConnCb       BUILD/NUCLEO_F401RE/ARMC6/mbed-os/features/FEATURE_BLE/targets/TARGET_CORDIO/stack/ble-host/sources/stack/dm/dm_conn.o
    0x200035ac   0x00000004   Zero   RW         5702    .bss.dmDevCb        BUILD/NUCLEO_F401RE/ARMC6/mbed-os/features/FEATURE_BLE/targets/TARGET_CORDIO/stack/ble-host/sources/stack/dm/dm_dev.o
    0x200035b0   0x00000027   Zero   RW         5410    .bss.dmExtAdvCb     BUILD/NUCLEO_F401RE/ARMC6/mbed-os/features/FEATURE_BLE/targets/TARGET_CORDIO/stack/ble-host/sources/stack/dm/dm_adv_ae.o
    0x200035d7   0x00000001   Zero   RW         5904    .bss.dmExtScanActHciReport.filtered  BUILD/NUCLEO_F401RE/ARMC6/mbed-os/features/FEATURE_BLE/targets/TARGET_CORDIO/stack/ble-host/sources/stack/dm/dm_scan_ae.o
    0x200035d8   0x00000001   Zero   RW         5905    .bss.dmExtScanActHciReport.firstFrag  BUILD/NUCLEO_F401RE/ARMC6/mbed-os/features/FEATURE_BLE/targets/TARGET_CORDIO/stack/ble-host/sources/stack/dm/dm_scan_ae.o
    0x200035d9   0x00000001   Zero   RW         5451    .bss.dmLegAdvCb.0   BUILD/NUCLEO_F401RE/ARMC6/mbed-os/features/FEATURE_BLE/targets/TARGET_CORDIO/stack/ble-host/sources/stack/dm/dm_adv_leg.o
    0x200035da   0x00000012   Zero   RW         5411    .bss.dmPerAdvCb     BUILD/NUCLEO_F401RE/ARMC6/mbed-os/features/FEATURE_BLE/targets/TARGET_CORDIO/stack/ble-host/sources/stack/dm/dm_adv_ae.o
    0x200035ec   0x0000001a   Zero   RW         5870    .bss.dmPrivCb       BUILD/NUCLEO_F401RE/ARMC6/mbed-os/features/FEATURE_BLE/targets/TARGET_CORDIO/stack/ble-host/sources/stack/dm/dm_priv.o
    0x20003606   0x00000002   PAD
    0x20003608   0x00000024   Zero   RW         5884    .bss.dmScanCb       BUILD/NUCLEO_F401RE/ARMC6/mbed-os/features/FEATURE_BLE/targets/TARGET_CORDIO/stack/ble-host/sources/stack/dm/dm_scan.o
    0x2000362c   0x00000008   Zero   RW         5952    .bss.dmSecCb        BUILD/NUCLEO_F401RE/ARMC6/mbed-os/features/FEATURE_BLE/targets/TARGET_CORDIO/stack/ble-host/sources/stack/dm/dm_sec.o
    0x20003634   0x00000004   Zero   RW         5977    .bss.dmSecOobRand   BUILD/NUCLEO_F401RE/ARMC6/mbed-os/features/FEATURE_BLE/targets/TARGET_CORDIO/stack/ble-host/sources/stack/dm/dm_sec_lesc.o
    0x20003638   0x0000000e   Zero   RW         6042    .bss.dmSyncCb       BUILD/NUCLEO_F401RE/ARMC6/mbed-os/features/FEATURE_BLE/targets/TARGET_CORDIO/stack/ble-host/sources/stack/dm/dm_sync_ae.o
    0x20003646   0x00000002   PAD
    0x20003648   0x0000001c   Zero   RW        29850    .bss.dout           BUILD/NUCLEO_F401RE/ARMC6/src/main.o
    0x20003664   0x00000004   Zero   RW        24947    .bss.error_count    BUILD/NUCLEO_F401RE/ARMC6/mbed-os/platform/mbed_error.o
    0x20003668   0x00000004   Zero   RW        24948    .bss.error_hook     BUILD/NUCLEO_F401RE/ARMC6/mbed-os/platform/mbed_error.o
    0x2000366c   0x00000001   Zero   RW        24944    .bss.error_in_progress  BUILD/NUCLEO_F401RE/ARMC6/mbed-os/platform/mbed_error.o
    0x2000366d   0x00000003   PAD
    0x20003670   0x00000040   Zero   RW        24425    .bss.events         BUILD/NUCLEO_F401RE/ARMC6/mbed-os/hal/mbed_lp_ticker_api.o
    0x200036b0   0x00000040   Zero   RW        24532    .bss.events         BUILD/NUCLEO_F401RE/ARMC6/mbed-os/hal/mbed_us_ticker_api.o
    0x200036f0   0x00000054   Zero   RW        24765    .bss.fault_context  BUILD/NUCLEO_F401RE/ARMC6/mbed-os/platform/TARGET_CORTEX_M/mbed_fault_handler.o
    0x20003744   0x00000034   Zero   RW        24946    .bss.first_error_ctx  BUILD/NUCLEO_F401RE/ARMC6/mbed-os/platform/mbed_error.o
    0x20003778   0x00000001   Zero   RW        24949    .bss.halt_in_progress  BUILD/NUCLEO_F401RE/ARMC6/mbed-os/platform/mbed_error.o
    0x20003779   0x00000003   PAD
    0x2000377c   0x0000001c   Zero   RW         6058    .bss.hciCb          BUILD/NUCLEO_F401RE/ARMC6/mbed-os/features/FEATURE_BLE/targets/TARGET_CORDIO/stack/ble-host/sources/stack/hci/hci_main.o
    0x20003798   0x0000001c   Zero   RW         4433    .bss.hciCmdCb       BUILD/NUCLEO_F401RE/ARMC6/mbed-os/features/FEATURE_BLE/targets/TARGET_CORDIO/stack/ble-host/sources/hci/dual_chip/hci_cmd.o
    0x200037b4   0x00000094   Zero   RW         4302    .bss.hciCoreCb      BUILD/NUCLEO_F401RE/ARMC6/mbed-os/features/FEATURE_BLE/targets/TARGET_CORDIO/stack/ble-host/sources/hci/common/hci_core.o
    0x20003848   0x00000018   Zero   RW         4688    .bss.hciEvtStats    BUILD/NUCLEO_F401RE/ARMC6/mbed-os/features/FEATURE_BLE/targets/TARGET_CORDIO/stack/ble-host/sources/hci/dual_chip/hci_evt.o
    0x20003860   0x00000004   Zero   RW         6948    .bss.hciTrSerialRxIncoming.hdrRx  BUILD/NUCLEO_F401RE/ARMC6/mbed-os/features/FEATURE_BLE/targets/TARGET_CORDIO/stack_adaptation/hci_tr.o
    0x20003864   0x00000002   Zero   RW         6947    .bss.hciTrSerialRxIncoming.iRx  BUILD/NUCLEO_F401RE/ARMC6/mbed-os/features/FEATURE_BLE/targets/TARGET_CORDIO/stack_adaptation/hci_tr.o
    0x20003866   0x00000002   PAD
    0x20003868   0x00000004   Zero   RW         6950    .bss.hciTrSerialRxIncoming.pDataRx  BUILD/NUCLEO_F401RE/ARMC6/mbed-os/features/FEATURE_BLE/targets/TARGET_CORDIO/stack_adaptation/hci_tr.o
    0x2000386c   0x00000004   Zero   RW         6949    .bss.hciTrSerialRxIncoming.pPktRx  BUILD/NUCLEO_F401RE/ARMC6/mbed-os/features/FEATURE_BLE/targets/TARGET_CORDIO/stack_adaptation/hci_tr.o
    0x20003870   0x00000001   Zero   RW         6946    .bss.hciTrSerialRxIncoming.pktIndRx  BUILD/NUCLEO_F401RE/ARMC6/mbed-os/features/FEATURE_BLE/targets/TARGET_CORDIO/stack_adaptation/hci_tr.o
    0x20003871   0x00000001   Zero   RW         6945    .bss.hciTrSerialRxIncoming.stateRx  BUILD/NUCLEO_F401RE/ARMC6/mbed-os/features/FEATURE_BLE/targets/TARGET_CORDIO/stack_adaptation/hci_tr.o
    0x20003872   0x00000002   PAD
    0x20003874   0x00000004   Zero   RW        28418    .bss.irq_handler    BUILD/NUCLEO_F401RE/ARMC6/mbed-os/targets/TARGET_STM/gpio_irq_api.o
    0x20003878   0x00000004   Zero   RW        28623    .bss.irq_handler    BUILD/NUCLEO_F401RE/ARMC6/mbed-os/targets/TARGET_STM/rtc_api.o
    0x2000387c   0x00000028   Zero   RW         6152    .bss.l2cCb          BUILD/NUCLEO_F401RE/ARMC6/mbed-os/features/FEATURE_BLE/targets/TARGET_CORDIO/stack/ble-host/sources/stack/l2c/l2c_main.o
    0x200038a4   0x00000018   Zero   RW         6175    .bss.l2cSlaveCb     BUILD/NUCLEO_F401RE/ARMC6/mbed-os/features/FEATURE_BLE/targets/TARGET_CORDIO/stack/ble-host/sources/stack/l2c/l2c_slave.o
    0x200038bc   0x00000034   Zero   RW        24945    .bss.last_error_ctx  BUILD/NUCLEO_F401RE/ARMC6/mbed-os/platform/mbed_error.o
    0x200038f0   0x00000060   Zero   RW         5978    .bss.localEccKey    BUILD/NUCLEO_F401RE/ARMC6/mbed-os/features/FEATURE_BLE/targets/TARGET_CORDIO/stack/ble-host/sources/stack/dm/dm_sec_lesc.o
    0x20003950   0x00000001   Zero   RW        28622    .bss.lp_Fired       BUILD/NUCLEO_F401RE/ARMC6/mbed-os/targets/TARGET_STM/rtc_api.o
    0x20003951   0x00000003   PAD
    0x20003954   0x00000004   Zero   RW        25172    .bss.mbed_heap_size  BUILD/NUCLEO_F401RE/ARMC6/mbed-os/platform/mbed_retarget.o
    0x20003958   0x00000004   Zero   RW        25171    .bss.mbed_heap_start  BUILD/NUCLEO_F401RE/ARMC6/mbed-os/platform/mbed_retarget.o
    0x2000395c   0x00000004   Zero   RW        28536    .bss.mbed_sdk_inited  BUILD/NUCLEO_F401RE/ARMC6/mbed-os/targets/TARGET_STM/mbed_overrides.o
    0x20003960   0x00000004   Zero   RW        25430    .bss.mbed_stack_isr_size  BUILD/NUCLEO_F401RE/ARMC6/mbed-os/rtos/TARGET_CORTEX/mbed_boot.o
    0x20003964   0x00000004   Zero   RW        25429    .bss.mbed_stack_isr_start  BUILD/NUCLEO_F401RE/ARMC6/mbed-os/rtos/TARGET_CORTEX/mbed_boot.o
    0x20003968   0x00000040   Zero   RW        25673    .bss.os             BUILD/NUCLEO_F401RE/ARMC6/mbed-os/rtos/TARGET_CORTEX/rtx5/RTX/Source/rtx_lib.o
    0x200039a8   0x000001f0   Zero   RW        25413    .bss.os.libspace    BUILD/NUCLEO_F401RE/ARMC6/mbed-os/rtos/TARGET_CORTEX/TOOLCHAIN_ARM_STD/mbed_boot_arm_std.o
    0x20003b98   0x00000034   Zero   RW        25683    .bss.os.msgqueue.cb  BUILD/NUCLEO_F401RE/ARMC6/mbed-os/rtos/TARGET_CORTEX/rtx5/RTX/Source/rtx_lib.o
    0x20003bcc   0x00000050   Zero   RW        25684    .bss.os.msgqueue.mem  BUILD/NUCLEO_F401RE/ARMC6/mbed-os/rtos/TARGET_CORTEX/rtx5/RTX/Source/rtx_lib.o
    0x20003c1c   0x00000044   Zero   RW        25441    .bss.os.thread.cb   BUILD/NUCLEO_F401RE/ARMC6/mbed-os/rtos/TARGET_CORTEX/mbed_rtos_rtx.o
    0x20003c60   0x00000088   Zero   RW        25681    .bss.os.thread.cb   BUILD/NUCLEO_F401RE/ARMC6/mbed-os/rtos/TARGET_CORTEX/rtx5/RTX/Source/rtx_lib.o
    0x20003ce8   0x00000500   Zero   RW        25682    .bss.os.thread.stack  BUILD/NUCLEO_F401RE/ARMC6/mbed-os/rtos/TARGET_CORTEX/rtx5/RTX/Source/rtx_lib.o
    0x200041e8   0x00000001   Zero   RW        25416    .bss.os_kernel_is_active.os_kernel_active  BUILD/NUCLEO_F401RE/ARMC6/mbed-os/rtos/TARGET_CORTEX/TOOLCHAIN_ARM_STD/mbed_boot_arm_std.o
    0x200041e9   0x00000003   PAD
    0x200041ec   0x0000000c   Zero   RW         5068    .bss.pAttcSignCb    BUILD/NUCLEO_F401RE/ARMC6/mbed-os/features/FEATURE_BLE/targets/TARGET_CORDIO/stack/ble-host/sources/stack/att/attc_sign.o
    0x200041f8   0x00000050   Zero   RW         4751    .bss.secCb          BUILD/NUCLEO_F401RE/ARMC6/mbed-os/features/FEATURE_BLE/targets/TARGET_CORDIO/stack/ble-host/sources/sec/common/sec_main.o
    0x20004248   0x00000010   Zero   RW        25437    .bss.singleton_mutex_attr  BUILD/NUCLEO_F401RE/ARMC6/mbed-os/rtos/TARGET_CORTEX/mbed_rtos_rtx.o
    0x20004258   0x00000004   Zero   RW        25442    .bss.singleton_mutex_id  BUILD/NUCLEO_F401RE/ARMC6/mbed-os/rtos/TARGET_CORTEX/mbed_rtos_rtx.o
    0x2000425c   0x0000001c   Zero   RW        25438    .bss.singleton_mutex_obj  BUILD/NUCLEO_F401RE/ARMC6/mbed-os/rtos/TARGET_CORTEX/mbed_rtos_rtx.o
    0x20004278   0x000000f0   Zero   RW         6290    .bss.smpCb          BUILD/NUCLEO_F401RE/ARMC6/mbed-os/features/FEATURE_BLE/targets/TARGET_CORDIO/stack/ble-host/sources/stack/smp/smp_main.o
    0x20004368   0x00000058   Zero   RW         6248    .bss.smpDbCb        BUILD/NUCLEO_F401RE/ARMC6/mbed-os/features/FEATURE_BLE/targets/TARGET_CORDIO/stack/ble-host/sources/stack/smp/smp_db.o
    0x200043c0   0x00000001   Zero   RW         2061    .bss.stack_handler_id  BUILD/NUCLEO_F401RE/ARMC6/mbed-os/features/FEATURE_BLE/targets/TARGET_CORDIO/source/CordioBLE.o
    0x200043c1   0x00000001   Zero   RW        24395    .bss.state_saved    BUILD/NUCLEO_F401RE/ARMC6/mbed-os/hal/mbed_critical_section_api.o
    0x200043c2   0x00000002   PAD
    0x200043c4   0x00000024   Zero   RW        29849    .bss.stdio_mutex    BUILD/NUCLEO_F401RE/ARMC6/src/main.o
    0x200043e8   0x0000004c   Zero   RW        28660    .bss.stdio_uart     BUILD/NUCLEO_F401RE/ARMC6/mbed-os/targets/TARGET_STM/serial_api.o
    0x20004434   0x00000004   Zero   RW        28658    .bss.stdio_uart_inited  BUILD/NUCLEO_F401RE/ARMC6/mbed-os/targets/TARGET_STM/serial_api.o
    0x20004438   0x00000004   Zero   RW        25475    .bss.terminate_hook  BUILD/NUCLEO_F401RE/ARMC6/mbed-os/rtos/TARGET_CORTEX/mbed_rtx_handlers.o
    0x2000443c   0x00000004   Zero   RW        28752    .bss.timer_ccr1_reg  BUILD/NUCLEO_F401RE/ARMC6/mbed-os/targets/TARGET_STM/us_ticker.o
    0x20004440   0x00000004   Zero   RW        28751    .bss.timer_cnt_reg  BUILD/NUCLEO_F401RE/ARMC6/mbed-os/targets/TARGET_STM/us_ticker.o
    0x20004444   0x00000004   Zero   RW        28753    .bss.timer_dier_reg  BUILD/NUCLEO_F401RE/ARMC6/mbed-os/targets/TARGET_STM/us_ticker.o
    0x20004448   0x000000c0   Zero   RW        28363    .bss.uart_handlers  BUILD/NUCLEO_F401RE/ARMC6/mbed-os/targets/TARGET_STM/TARGET_STM32F4/serial_device.o
    0x20004508   0x00000004   Zero   RW         6682    .bss.wsfBufMem      BUILD/NUCLEO_F401RE/ARMC6/mbed-os/features/FEATURE_BLE/targets/TARGET_CORDIO/stack/wsf/sources/port/baremetal/wsf_buf.o
    0x2000450c   0x00000004   Zero   RW         6684    .bss.wsfBufMemLen   BUILD/NUCLEO_F401RE/ARMC6/mbed-os/features/FEATURE_BLE/targets/TARGET_CORDIO/stack/wsf/sources/port/baremetal/wsf_buf.o
    0x20004510   0x00000001   Zero   RW         6683    .bss.wsfBufNumPools  BUILD/NUCLEO_F401RE/ARMC6/mbed-os/features/FEATURE_BLE/targets/TARGET_CORDIO/stack/wsf/sources/port/baremetal/wsf_buf.o
    0x20004511   0x00000003   PAD
    0x20004514   0x0000006c   Zero   RW         7043    .bss.wsfOs          BUILD/NUCLEO_F401RE/ARMC6/mbed-os/features/FEATURE_BLE/targets/TARGET_CORDIO/stack_adaptation/wsf_os.o
    0x20004580   0x00000004   Zero   RW         6823    .bss.wsfTimerRtcLastTicks  BUILD/NUCLEO_F401RE/ARMC6/mbed-os/features/FEATURE_BLE/targets/TARGET_CORDIO/stack/wsf/sources/port/baremetal/wsf_timer.o
    0x20004584   0x00000004   Zero   RW         6824    .bss.wsfTimerRtcRemainder  BUILD/NUCLEO_F401RE/ARMC6/mbed-os/features/FEATURE_BLE/targets/TARGET_CORDIO/stack/wsf/sources/port/baremetal/wsf_timer.o
    0x20004588   0x00000008   Zero   RW         6822    .bss.wsfTimerTimerQueue  BUILD/NUCLEO_F401RE/ARMC6/mbed-os/features/FEATURE_BLE/targets/TARGET_CORDIO/stack/wsf/sources/port/baremetal/wsf_timer.o


    Execution Region ARM_LIB_STACK (Base: 0x20017c00, Size: 0x00000400, Max: 0x00000400, ABSOLUTE)

    Base Addr    Size         Type   Attr      Idx    E Section Name        Object

    0x20017c00   0x00000400   Zero   RW            1    ARM_LIB_STACK.bss   anon$$obj.o


==============================================================================

Image component sizes


      Code (inc. data)   RO Data    RW Data    ZI Data      Debug   

    138908       4352      11209        508      17552      98880   Object Totals
         0          0         32          0       1024          0   (incl. Generated)
       380          0         18          2         60          0   (incl. Padding)
     11452        522        555         16        348       8712   Library Totals
        26          0          3          0          0          0   (incl. Padding)

==============================================================================


      Code (inc. data)   RO Data    RW Data    ZI Data      Debug   

    150360       4874      11764        524      17900      98976   Grand Totals
    150360       4874      11764        200      17900      98976   ELF Image Totals (compressed)
    150360       4874      11764        200          0          0   ROM Totals

==============================================================================

    Total RO  Size (Code + RO Data)               162124 ( 158.32kB)
    Total RW  Size (RW Data + ZI Data)             18424 (  17.99kB)
    Total ROM Size (Code + RO Data + RW Data)     162324 ( 158.52kB)

==============================================================================

